Archive member included to satisfy reference by file (symbol)

c:/LABIV/Integracao/Quartus/software/IntegracaoNios_bsp/\libhal_bsp.a(alt_load.o)
                              c:/LABIV/Integracao/Quartus/software/IntegracaoNios_bsp//obj/HAL/src/crt0.o (alt_load)
c:/LABIV/Integracao/Quartus/software/IntegracaoNios_bsp/\libhal_bsp.a(alt_main.o)
                              c:/LABIV/Integracao/Quartus/software/IntegracaoNios_bsp//obj/HAL/src/crt0.o (alt_main)
c:/LABIV/Integracao/Quartus/software/IntegracaoNios_bsp/\libhal_bsp.a(alt_sys_init.o)
                              c:/LABIV/Integracao/Quartus/software/IntegracaoNios_bsp/\libhal_bsp.a(alt_main.o) (alt_irq_init)
c:/LABIV/Integracao/Quartus/software/IntegracaoNios_bsp/\libhal_bsp.a(altera_avalon_jtag_uart_fd.o)
                              c:/LABIV/Integracao/Quartus/software/IntegracaoNios_bsp/\libhal_bsp.a(alt_sys_init.o) (altera_avalon_jtag_uart_read_fd)
c:/LABIV/Integracao/Quartus/software/IntegracaoNios_bsp/\libhal_bsp.a(altera_avalon_jtag_uart_init.o)
                              c:/LABIV/Integracao/Quartus/software/IntegracaoNios_bsp/\libhal_bsp.a(alt_sys_init.o) (altera_avalon_jtag_uart_init)
c:/LABIV/Integracao/Quartus/software/IntegracaoNios_bsp/\libhal_bsp.a(altera_avalon_jtag_uart_ioctl.o)
                              c:/LABIV/Integracao/Quartus/software/IntegracaoNios_bsp/\libhal_bsp.a(altera_avalon_jtag_uart_fd.o) (altera_avalon_jtag_uart_ioctl)
c:/LABIV/Integracao/Quartus/software/IntegracaoNios_bsp/\libhal_bsp.a(altera_avalon_jtag_uart_read.o)
                              c:/LABIV/Integracao/Quartus/software/IntegracaoNios_bsp/\libhal_bsp.a(altera_avalon_jtag_uart_fd.o) (altera_avalon_jtag_uart_read)
c:/LABIV/Integracao/Quartus/software/IntegracaoNios_bsp/\libhal_bsp.a(altera_avalon_jtag_uart_write.o)
                              c:/LABIV/Integracao/Quartus/software/IntegracaoNios_bsp/\libhal_bsp.a(altera_avalon_jtag_uart_fd.o) (altera_avalon_jtag_uart_write)
c:/LABIV/Integracao/Quartus/software/IntegracaoNios_bsp/\libhal_bsp.a(alt_alarm_start.o)
                              c:/LABIV/Integracao/Quartus/software/IntegracaoNios_bsp/\libhal_bsp.a(altera_avalon_jtag_uart_init.o) (alt_alarm_start)
c:/LABIV/Integracao/Quartus/software/IntegracaoNios_bsp/\libhal_bsp.a(alt_close.o)
                              c:/LABIV/Integracao/Quartus/software/IntegracaoNios_bsp/\libhal_bsp.a(alt_main.o) (close)
c:/LABIV/Integracao/Quartus/software/IntegracaoNios_bsp/\libhal_bsp.a(alt_dcache_flush_all.o)
                              c:/LABIV/Integracao/Quartus/software/IntegracaoNios_bsp/\libhal_bsp.a(alt_load.o) (alt_dcache_flush_all)
c:/LABIV/Integracao/Quartus/software/IntegracaoNios_bsp/\libhal_bsp.a(alt_dev.o)
                              c:/LABIV/Integracao/Quartus/software/IntegracaoNios_bsp/\libhal_bsp.a(alt_sys_init.o) (alt_dev_list)
c:/LABIV/Integracao/Quartus/software/IntegracaoNios_bsp/\libhal_bsp.a(alt_dev_llist_insert.o)
                              c:/LABIV/Integracao/Quartus/software/IntegracaoNios_bsp/\libhal_bsp.a(alt_sys_init.o) (alt_dev_llist_insert)
c:/LABIV/Integracao/Quartus/software/IntegracaoNios_bsp/\libhal_bsp.a(alt_do_ctors.o)
                              c:/LABIV/Integracao/Quartus/software/IntegracaoNios_bsp/\libhal_bsp.a(alt_main.o) (_do_ctors)
c:/LABIV/Integracao/Quartus/software/IntegracaoNios_bsp/\libhal_bsp.a(alt_do_dtors.o)
                              c:/LABIV/Integracao/Quartus/software/IntegracaoNios_bsp/\libhal_bsp.a(alt_main.o) (_do_dtors)
c:/LABIV/Integracao/Quartus/software/IntegracaoNios_bsp/\libhal_bsp.a(alt_errno.o)
                              c:/LABIV/Integracao/Quartus/software/IntegracaoNios_bsp/\libhal_bsp.a(alt_close.o) (alt_errno)
c:/LABIV/Integracao/Quartus/software/IntegracaoNios_bsp/\libhal_bsp.a(alt_icache_flush_all.o)
                              c:/LABIV/Integracao/Quartus/software/IntegracaoNios_bsp/\libhal_bsp.a(alt_load.o) (alt_icache_flush_all)
c:/LABIV/Integracao/Quartus/software/IntegracaoNios_bsp/\libhal_bsp.a(alt_iic.o)
                              c:/LABIV/Integracao/Quartus/software/IntegracaoNios_bsp/\libhal_bsp.a(altera_avalon_jtag_uart_init.o) (alt_ic_isr_register)
c:/LABIV/Integracao/Quartus/software/IntegracaoNios_bsp/\libhal_bsp.a(alt_iic_isr_register.o)
                              c:/LABIV/Integracao/Quartus/software/IntegracaoNios_bsp/\libhal_bsp.a(alt_iic.o) (alt_iic_isr_register)
c:/LABIV/Integracao/Quartus/software/IntegracaoNios_bsp/\libhal_bsp.a(alt_io_redirect.o)
                              c:/LABIV/Integracao/Quartus/software/IntegracaoNios_bsp/\libhal_bsp.a(alt_main.o) (alt_io_redirect)
c:/LABIV/Integracao/Quartus/software/IntegracaoNios_bsp/\libhal_bsp.a(alt_irq_entry.o)
                              c:/LABIV/Integracao/Quartus/software/IntegracaoNios_bsp/\libhal_bsp.a(alt_iic_isr_register.o) (alt_irq_entry)
c:/LABIV/Integracao/Quartus/software/IntegracaoNios_bsp/\libhal_bsp.a(alt_irq_handler.o)
[...]
Memory Configuration

Name             Origin             Length             Attributes
reset            0x0000000000210000 0x0000000000000020
onchip_memory    0x0000000000210020 0x000000000000ffe0
*default*        0x0000000000000000 0xffffffffffffffff

Linker script and memory map

LOAD c:/LABIV/Integracao/Quartus/software/IntegracaoNios_bsp//obj/HAL/src/crt0.o
LOAD obj/default/main.o
LOAD d:/programas/intelfpga/nios2eds/bin/gnu/h-x86_64-mingw32/bin/../lib/gcc/nios2-elf/10.1.1/../../../../../H-x86_64-mingw32/nios2-elf/lib/mno-hw-mul\libstdc++.a
LOAD d:/programas/intelfpga/nios2eds/bin/gnu/h-x86_64-mingw32/bin/../lib/gcc/nios2-elf/10.1.1/../../../../../H-x86_64-mingw32/nios2-elf/lib/mno-hw-mul\libm.a
LOAD d:/programas/intelfpga/nios2eds/bin/gnu/h-x86_64-mingw32/bin/../lib/gcc/nios2-elf/10.1.1/mno-hw-mul\libgcc.a
START GROUP
LOAD d:/programas/intelfpga/nios2eds/bin/gnu/h-x86_64-mingw32/bin/../lib/gcc/nios2-elf/10.1.1/../../../../../H-x86_64-mingw32/nios2-elf/lib/mno-hw-mul\libc.a
LOAD d:/programas/intelfpga/nios2eds/bin/gnu/h-x86_64-mingw32/bin/../lib/gcc/nios2-elf/10.1.1/mno-hw-mul\libgcc.a
LOAD c:/LABIV/Integracao/Quartus/software/IntegracaoNios_bsp/\libhal_bsp.a
LOAD d:/programas/intelfpga/nios2eds/bin/gnu/h-x86_64-mingw32/bin/../lib/gcc/nios2-elf/10.1.1/../../../../../H-x86_64-mingw32/nios2-elf/lib/mno-hw-mul\libm.a
END GROUP
LOAD d:/programas/intelfpga/nios2eds/bin/gnu/h-x86_64-mingw32/bin/../lib/gcc/nios2-elf/10.1.1/mno-hw-mul\libgcc.a
                0x0000000000210000                __alt_mem_onchip_memory = 0x210000

.entry          0x0000000000210000       0x20
 *(.entry)
 .entry         0x0000000000210000       0x20 c:/LABIV/Integracao/Quartus/software/IntegracaoNios_bsp//obj/HAL/src/crt0.o
                0x0000000000210000                __reset

.exceptions     0x0000000000210020      0x204
                0x0000000000210020                PROVIDE (__ram_exceptions_start = ABSOLUTE (.))
                0x0000000000210020                . = ALIGN (0x20)
 *(.irq)
 *(.exceptions.entry.label)
 .exceptions.entry.label
                0x0000000000210020        0x0 c:/LABIV/Integracao/Quartus/software/IntegracaoNios_bsp/\libhal_bsp.a(alt_irq_entry.o)
                0x0000000000210020                alt_irq_entry
 .exceptions.entry.label
                0x0000000000210020        0x0 c:/LABIV/Integracao/Quartus/software/IntegracaoNios_bsp/\libhal_bsp.a(alt_exception_entry.o)
                0x0000000000210020                alt_exception
 *(.exceptions.entry.user)
 *(.exceptions.entry.ecc_fatal)
 *(.exceptions.entry)
 .exceptions.entry
                0x0000000000210020       0x54 c:/LABIV/Integracao/Quartus/software/IntegracaoNios_bsp/\libhal_bsp.a(alt_exception_entry.o)
 *(.exceptions.irqtest.user)
 *(.exceptions.irqtest)
 .exceptions.irqtest
                0x0000000000210074       0x10 c:/LABIV/Integracao/Quartus/software/IntegracaoNios_bsp/\libhal_bsp.a(alt_irq_entry.o)
 *(.exceptions.irqhandler.user)
 *(.exceptions.irqhandler)
 .exceptions.irqhandler
                0x0000000000210084        0x4 c:/LABIV/Integracao/Quartus/software/IntegracaoNios_bsp/\libhal_bsp.a(alt_irq_entry.o)
 *(.exceptions.irqreturn.user)
 *(.exceptions.irqreturn)
 .exceptions.irqreturn
                0x0000000000210088        0x4 c:/LABIV/Integracao/Quartus/software/IntegracaoNios_bsp/\libhal_bsp.a(alt_irq_entry.o)
 *(.exceptions.notirq.label)
 .exceptions.notirq.label
                0x000000000021008c        0x0 c:/LABIV/Integracao/Quartus/software/IntegracaoNios_bsp/\libhal_bsp.a(alt_irq_entry.o)
 *(.exceptions.notirq.user)
 *(.exceptions.notirq)
 .exceptions.notirq
                0x000000000021008c        0x8 c:/LABIV/Integracao/Quartus/software/IntegracaoNios_bsp/\libhal_bsp.a(alt_exception_entry.o)
 *(.exceptions.soft.user)
 *(.exceptions.soft)
 *(.exceptions.unknown.user)
 *(.exceptions.unknown)
 .exceptions.unknown
                0x0000000000210094       0x14 c:/LABIV/Integracao/Quartus/software/IntegracaoNios_bsp/\libhal_bsp.a(alt_exception_entry.o)
 *(.exceptions.exit.label)
 .exceptions.exit.label
                0x00000000002100a8        0x0 c:/LABIV/Integracao/Quartus/software/IntegracaoNios_bsp/\libhal_bsp.a(alt_irq_entry.o)
 .exceptions.exit.label
                0x00000000002100a8        0x0 c:/LABIV/Integracao/Quartus/software/IntegracaoNios_bsp/\libhal_bsp.a(alt_exception_entry.o)
 *(.exceptions.exit.user)
 *(.exceptions.exit)
 .exceptions.exit
                0x00000000002100a8       0x54 c:/LABIV/Integracao/Quartus/software/IntegracaoNios_bsp/\libhal_bsp.a(alt_exception_entry.o)
 *(.exceptions)
 .exceptions    0x00000000002100fc       0xc8 c:/LABIV/Integracao/Quartus/software/IntegracaoNios_bsp/\libhal_bsp.a(alt_irq_handler.o)
                0x00000000002100fc                alt_irq_handler
 .exceptions    0x00000000002101c4       0x60 c:/LABIV/Integracao/Quartus/software/IntegracaoNios_bsp/\libhal_bsp.a(alt_instruction_exception_entry.o)
                0x00000000002101c4                alt_instruction_exception_entry
                0x0000000000210224                PROVIDE (__ram_exceptions_end = ABSOLUTE (.))
                0x0000000000210020                PROVIDE (__flash_exceptions_start = LOADADDR (.exceptions))

.text           0x0000000000210224     0x24ac
                [!provide]                        PROVIDE (stext = ABSOLUTE (.))
 *(.interp)
 *(.hash)
 *(.dynsym)
 *(.dynstr)
 *(.gnu.version)
 *(.gnu.version_d)
 *(.gnu.version_r)
 *(.rel.init)
 *(.rela.init)
 *(.rel.text .rel.text.* .rel.gnu.linkonce.t.*)
 *(.rela.text .rela.text.* .rela.gnu.linkonce.t.*)
 *(.rel.fini)
 *(.rela.fini)
 *(.rel.rodata .rel.rodata.* .rel.gnu.linkonce.r.*)
 *(.rela.rodata .rela.rodata.* .rela.gnu.linkonce.r.*)
 *(.rel.data .rel.data.* .rel.gnu.linkonce.d.*)
 *(.rela.data .rela.data.* .rela.gnu.linkonce.d.*)
 *(.rel.tdata .rel.tdata.* .rel.gnu.linkonce.td.*)
 *(.rela.tdata .rela.tdata.* .rela.gnu.linkonce.td.*)
 *(.rel.tbss .rel.tbss.* .rel.gnu.linkonce.tb.*)
 *(.rela.tbss .rela.tbss.* .rela.gnu.linkonce.tb.*)
 *(.rel.ctors)
 *(.rela.ctors)
 *(.rel.dtors)
 *(.rela.dtors)
 *(.rel.got)
 *(.rela.got)
 *(.rel.sdata .rel.sdata.* .rel.gnu.linkonce.s.*)
 *(.rela.sdata .rela.sdata.* .rela.gnu.linkonce.s.*)
 *(.rel.sbss .rel.sbss.* .rel.gnu.linkonce.sb.*)
 *(.rela.sbss .rela.sbss.* .rela.gnu.linkonce.sb.*)
 *(.rel.sdata2 .rel.sdata2.* .rel.gnu.linkonce.s2.*)
 *(.rela.sdata2 .rela.sdata2.* .rela.gnu.linkonce.s2.*)
 *(.rel.sbss2 .rel.sbss2.* .rel.gnu.linkonce.sb2.*)
 *(.rela.sbss2 .rela.sbss2.* .rela.gnu.linkonce.sb2.*)
 *(.rel.bss .rel.bss.* .rel.gnu.linkonce.b.*)
 *(.rela.bss .rela.bss.* .rela.gnu.linkonce.b.*)
 *(.rel.plt)
 *(.rela.plt)
 *(.rel.dyn)
 *(.init)
 *(.plt)
 *(.text .stub .text.* .gnu.linkonce.t.*)
 .text          0x0000000000210224       0x3c c:/LABIV/Integracao/Quartus/software/IntegracaoNios_bsp//obj/HAL/src/crt0.o
                0x0000000000210224                _start
 .text          0x0000000000210260       0x20 obj/default/main.o
                0x0000000000210260                main
 .text          0x0000000000210280       0xec c:/LABIV/Integracao/Quartus/software/IntegracaoNios_bsp/\libhal_bsp.a(alt_load.o)
                0x00000000002102e8                alt_load
 .text          0x000000000021036c       0x7c c:/LABIV/Integracao/Quartus/software/IntegracaoNios_bsp/\libhal_bsp.a(alt_main.o)
                0x000000000021036c                alt_main
 .text          0x00000000002103e8      0x448 c:/LABIV/Integracao/Quartus/software/IntegracaoNios_bsp/\libhal_bsp.a(alt_sys_init.o)
                0x000000000021041c                alt_irq_init
                0x0000000000210458                alt_sys_init
 .text          0x0000000000210830      0x164 c:/LABIV/Integracao/Quartus/software/IntegracaoNios_bsp/\libhal_bsp.a(altera_avalon_jtag_uart_fd.o)
                0x0000000000210830                altera_avalon_jtag_uart_read_fd
                0x0000000000210890                altera_avalon_jtag_uart_write_fd
                0x00000000002108f0                altera_avalon_jtag_uart_close_fd
                0x0000000000210940                altera_avalon_jtag_uart_ioctl_fd
 .text          0x0000000000210994      0x3d4 c:/LABIV/Integracao/Quartus/software/IntegracaoNios_bsp/\libhal_bsp.a(altera_avalon_jtag_uart_init.o)
                0x0000000000210994                altera_avalon_jtag_uart_init
                0x0000000000210d00                altera_avalon_jtag_uart_close
 .text          0x0000000000210d68       0xf4 c:/LABIV/Integracao/Quartus/software/IntegracaoNios_bsp/\libhal_bsp.a(altera_avalon_jtag_uart_ioctl.o)
                0x0000000000210d68                altera_avalon_jtag_uart_ioctl
 .text          0x0000000000210e5c      0x220 c:/LABIV/Integracao/Quartus/software/IntegracaoNios_bsp/\libhal_bsp.a(altera_avalon_jtag_uart_read.o)
                0x0000000000210e5c                altera_avalon_jtag_uart_read
 .text          0x000000000021107c      0x228 c:/LABIV/Integracao/Quartus/software/IntegracaoNios_bsp/\libhal_bsp.a(altera_avalon_jtag_uart_write.o)
                0x000000000021107c                altera_avalon_jtag_uart_write
 .text          0x00000000002112a4      0x134 c:/LABIV/Integracao/Quartus/software/IntegracaoNios_bsp/\libhal_bsp.a(alt_alarm_start.o)
                0x00000000002112a4                alt_alarm_start
 .text          0x00000000002113d8      0x118 c:/LABIV/Integracao/Quartus/software/IntegracaoNios_bsp/\libhal_bsp.a(alt_close.o)
                0x0000000000211414                close
 .text          0x00000000002114f0       0x20 c:/LABIV/Integracao/Quartus/software/IntegracaoNios_bsp/\libhal_bsp.a(alt_dcache_flush_all.o)
                0x00000000002114f0                alt_dcache_flush_all
 .text          0x0000000000211510       0x2c c:/LABIV/Integracao/Quartus/software/IntegracaoNios_bsp/\libhal_bsp.a(alt_dev.o)
 .text          0x000000000021153c       0xe4 c:/LABIV/Integracao/Quartus/software/IntegracaoNios_bsp/\libhal_bsp.a(alt_dev_llist_insert.o)
                0x0000000000211578                alt_dev_llist_insert
 .text          0x0000000000211620       0x64 c:/LABIV/Integracao/Quartus/software/IntegracaoNios_bsp/\libhal_bsp.a(alt_do_ctors.o)
                0x0000000000211620                _do_ctors
 .text          0x0000000000211684       0x64 c:/LABIV/Integracao/Quartus/software/IntegracaoNios_bsp/\libhal_bsp.a(alt_do_dtors.o)
                0x0000000000211684                _do_dtors
 .text          0x00000000002116e8        0x0 c:/LABIV/Integracao/Quartus/software/IntegracaoNios_bsp/\libhal_bsp.a(alt_errno.o)
 .text          0x00000000002116e8       0x20 c:/LABIV/Integracao/Quartus/software/IntegracaoNios_bsp/\libhal_bsp.a(alt_icache_flush_all.o)
                0x00000000002116e8                alt_icache_flush_all
 .text          0x0000000000211708      0x1b0 c:/LABIV/Integracao/Quartus/software/IntegracaoNios_bsp/\libhal_bsp.a(alt_iic.o)
                0x0000000000211708                alt_ic_isr_register
                0x0000000000211758                alt_ic_irq_enable
                0x00000000002117e0                alt_ic_irq_disable
                0x000000000021186c                alt_ic_irq_enabled
 .text          0x00000000002118b8       0xe8 c:/LABIV/Integracao/Quartus/software/IntegracaoNios_bsp/\libhal_bsp.a(alt_iic_isr_register.o)
                0x00000000002118b8                alt_iic_isr_register
 .text          0x00000000002119a0      0x150 c:/LABIV/Integracao/Quartus/software/IntegracaoNios_bsp/\libhal_bsp.a(alt_io_redirect.o)
                0x0000000000211a74                alt_io_redirect
 .text          0x0000000000211af0        0x0 c:/LABIV/Integracao/Quartus/software/IntegracaoNios_bsp/\libhal_bsp.a(alt_irq_entry.o)
 .text          0x0000000000211af0        0x0 c:/LABIV/Integracao/Quartus/software/IntegracaoNios_bsp/\libhal_bsp.a(alt_irq_handler.o)
 .text          0x0000000000211af0        0x0 c:/LABIV/Integracao/Quartus/software/IntegracaoNios_bsp/\libhal_bsp.a(alt_irq_vars.o)
 .text          0x0000000000211af0      0x278 c:/LABIV/Integracao/Quartus/software/IntegracaoNios_bsp/\libhal_bsp.a(alt_open.o)
                0x0000000000211c08                open
 .text          0x0000000000211d68       0x70 c:/LABIV/Integracao/Quartus/software/IntegracaoNios_bsp/\libhal_bsp.a(alt_release_fd.o)
                0x0000000000211d68                alt_release_fd
 .text          0x0000000000211dd8      0x1ac c:/LABIV/Integracao/Quartus/software/IntegracaoNios_bsp/\libhal_bsp.a(alt_tick.o)
                0x0000000000211dd8                alt_alarm_stop
                0x0000000000211e7c                alt_tick
 .text          0x0000000000211f84       0x24 c:/LABIV/Integracao/Quartus/software/IntegracaoNios_bsp/\libhal_bsp.a(altera_nios2_gen2_irq.o)
                0x0000000000211f84                altera_nios2_gen2_irq_init
 .text          0x0000000000211fa8        0x0 c:/LABIV/Integracao/Quartus/software/IntegracaoNios_bsp/\libhal_bsp.a(alt_exception_entry.o)
 .text          0x0000000000211fa8       0x90 c:/LABIV/Integracao/Quartus/software/IntegracaoNios_bsp/\libhal_bsp.a(alt_find_dev.o)
                0x0000000000211fa8                alt_find_dev
 .text          0x0000000000212038      0x108 c:/LABIV/Integracao/Quartus/software/IntegracaoNios_bsp/\libhal_bsp.a(alt_find_file.o)
                0x0000000000212038                alt_find_file
 .text          0x0000000000212140       0xb8 c:/LABIV/Integracao/Quartus/software/IntegracaoNios_bsp/\libhal_bsp.a(alt_get_fd.o)
                0x0000000000212140                alt_get_fd
 .text          0x00000000002121f8       0x98 c:/LABIV/Integracao/Quartus/software/IntegracaoNios_bsp/\libhal_bsp.a(alt_instruction_exception_entry.o)
                0x00000000002121f8                alt_exception_cause_generated_bad_addr
 .text          0x0000000000212290        0x0 d:/programas/intelfpga/nios2eds/bin/gnu/h-x86_64-mingw32/bin/../lib/gcc/nios2-elf/10.1.1/../../../../../H-x86_64-mingw32/nios2-elf/lib/mno-hw-mul\libc.a(lib_a-atexit.o)
 .text.atexit   0x0000000000212290       0x14 d:/programas/intelfpga/nios2eds/bin/gnu/h-x86_64-mingw32/bin/../lib/gcc/nios2-elf/10.1.1/../../../../../H-x86_64-mingw32/nios2-elf/lib/mno-hw-mul\libc.a(lib_a-atexit.o)
                0x0000000000212290                atexit
 .text          0x00000000002122a4        0x0 d:/programas/intelfpga/nios2eds/bin/gnu/h-x86_64-mingw32/bin/../lib/gcc/nios2-elf/10.1.1/../../../../../H-x86_64-mingw32/nios2-elf/lib/mno-hw-mul\libc.a(lib_a-exit.o)
 .text.exit     0x00000000002122a4       0x34 d:/programas/intelfpga/nios2eds/bin/gnu/h-x86_64-mingw32/bin/../lib/gcc/nios2-elf/10.1.1/../../../../../H-x86_64-mingw32/nios2-elf/lib/mno-hw-mul\libc.a(lib_a-exit.o)
                0x00000000002122a4                exit
 .text          0x00000000002122d8        0x0 d:/programas/intelfpga/nios2eds/bin/gnu/h-x86_64-mingw32/bin/../lib/gcc/nios2-elf/10.1.1/../../../../../H-x86_64-mingw32/nios2-elf/lib/mno-hw-mul\libc.a(lib_a-impure.o)
 .text          0x00000000002122d8        0x0 d:/programas/intelfpga/nios2eds/bin/gnu/h-x86_64-mingw32/bin/../lib/gcc/nios2-elf/10.1.1/../../../../../H-x86_64-mingw32/nios2-elf/lib/mno-hw-mul\libc.a(lib_a-int_errno.o)
 .text          0x00000000002122d8        0x0 d:/programas/intelfpga/nios2eds/bin/gnu/h-x86_64-mingw32/bin/../lib/gcc/nios2-elf/10.1.1/../../../../../H-x86_64-mingw32/nios2-elf/lib/mno-hw-mul\libc.a(lib_a-memcmp.o)
 .text.memcmp   0x00000000002122d8       0x78 d:/programas/intelfpga/nios2eds/bin/gnu/h-x86_64-mingw32/bin/../lib/gcc/nios2-elf/10.1.1/../../../../../H-x86_64-mingw32/nios2-elf/lib/mno-hw-mul\libc.a(lib_a-memcmp.o)
                0x00000000002122d8                memcmp
 .text          0x0000000000212350        0x0 d:/programas/intelfpga/nios2eds/bin/gnu/h-x86_64-mingw32/bin/../lib/gcc/nios2-elf/10.1.1/../../../../../H-x86_64-mingw32/nios2-elf/lib/mno-hw-mul\libc.a(lib_a-memcpy.o)
 .text.memcpy   0x0000000000212350      0x100 d:/programas/intelfpga/nios2eds/bin/gnu/h-x86_64-mingw32/bin/../lib/gcc/nios2-elf/10.1.1/../../../../../H-x86_64-mingw32/nios2-elf/lib/mno-hw-mul\libc.a(lib_a-memcpy.o)
                0x0000000000212350                memcpy
 .text          0x0000000000212450        0x0 d:/programas/intelfpga/nios2eds/bin/gnu/h-x86_64-mingw32/bin/../lib/gcc/nios2-elf/10.1.1/../../../../../H-x86_64-mingw32/nios2-elf/lib/mno-hw-mul\libc.a(lib_a-strlen.o)
 .text.strlen   0x0000000000212450       0x98 d:/programas/intelfpga/nios2eds/bin/gnu/h-x86_64-mingw32/bin/../lib/gcc/nios2-elf/10.1.1/../../../../../H-x86_64-mingw32/nios2-elf/lib/mno-hw-mul\libc.a(lib_a-strlen.o)
                0x0000000000212450                strlen
 .text          0x00000000002124e8        0x0 d:/programas/intelfpga/nios2eds/bin/gnu/h-x86_64-mingw32/bin/../lib/gcc/nios2-elf/10.1.1/../../../../../H-x86_64-mingw32/nios2-elf/lib/mno-hw-mul\libc.a(lib_a-__atexit.o)
 .text.__register_exitproc
                0x00000000002124e8       0x90 d:/programas/intelfpga/nios2eds/bin/gnu/h-x86_64-mingw32/bin/../lib/gcc/nios2-elf/10.1.1/../../../../../H-x86_64-mingw32/nios2-elf/lib/mno-hw-mul\libc.a(lib_a-__atexit.o)
                0x00000000002124e8                __register_exitproc
 .text          0x0000000000212578        0x0 d:/programas/intelfpga/nios2eds/bin/gnu/h-x86_64-mingw32/bin/../lib/gcc/nios2-elf/10.1.1/../../../../../H-x86_64-mingw32/nios2-elf/lib/mno-hw-mul\libc.a(lib_a-__call_atexit.o)
 .text.__call_exitprocs
                0x0000000000212578      0x120 d:/programas/intelfpga/nios2eds/bin/gnu/h-x86_64-mingw32/bin/../lib/gcc/nios2-elf/10.1.1/../../../../../H-x86_64-mingw32/nios2-elf/lib/mno-hw-mul\libc.a(lib_a-__call_atexit.o)
                0x0000000000212578                __call_exitprocs
 .text          0x0000000000212698       0x38 c:/LABIV/Integracao/Quartus/software/IntegracaoNios_bsp/\libhal_bsp.a(alt_exit.o)
                0x0000000000212698                _exit
 *(.gnu.warning.*)
 *(.fini)
                [!provide]                        PROVIDE (__etext = ABSOLUTE (.))
                [!provide]                        PROVIDE (_etext = ABSOLUTE (.))
                [!provide]                        PROVIDE (etext = ABSOLUTE (.))
 *(.eh_frame_hdr)
                0x00000000002126d0                . = ALIGN (0x4)
                [!provide]                        PROVIDE (__preinit_array_start = ABSOLUTE (.))
 *(.preinit_array)
                [!provide]                        PROVIDE (__preinit_array_end = ABSOLUTE (.))
                [!provide]                        PROVIDE (__init_array_start = ABSOLUTE (.))
 *(.init_array)
                [!provide]                        PROVIDE (__init_array_end = ABSOLUTE (.))
                [!provide]                        PROVIDE (__fini_array_start = ABSOLUTE (.))
 *(.fini_array)
                [!provide]                        PROVIDE (__fini_array_end = ABSOLUTE (.))
 *(.eh_frame)
 *(.gcc_except_table .gcc_except_table.*)
 *(.dynamic)
                0x00000000002126d0                PROVIDE (__CTOR_LIST__ = ABSOLUTE (.))
 *(.ctors)
 *(SORT_BY_NAME(.ctors.*))
                0x00000000002126d0                PROVIDE (__CTOR_END__ = ABSOLUTE (.))
                0x00000000002126d0                PROVIDE (__DTOR_LIST__ = ABSOLUTE (.))
 *(.dtors)
 *(SORT_BY_NAME(.dtors.*))
                0x00000000002126d0                PROVIDE (__DTOR_END__ = ABSOLUTE (.))
 *(.jcr)
                0x00000000002126d0                . = ALIGN (0x4)

.rodata         0x00000000002126d0       0x7c
                0x00000000002126d0                PROVIDE (__ram_rodata_start = ABSOLUTE (.))
                0x00000000002126d0                . = ALIGN (0x4)
 *(.rodata .rodata.* .gnu.linkonce.r.*)
 .rodata        0x00000000002126d0        0xf c:/LABIV/Integracao/Quartus/software/IntegracaoNios_bsp/\libhal_bsp.a(alt_main.o)
 *fill*         0x00000000002126df        0x1 
 .rodata        0x00000000002126e0       0x5e c:/LABIV/Integracao/Quartus/software/IntegracaoNios_bsp/\libhal_bsp.a(alt_sys_init.o)
 *fill*         0x000000000021273e        0x2 
 .rodata        0x0000000000212740        0xa c:/LABIV/Integracao/Quartus/software/IntegracaoNios_bsp/\libhal_bsp.a(alt_dev.o)
 *(.rodata1)
                0x000000000021274c                . = ALIGN (0x4)
 *fill*         0x000000000021274a        0x2 
                0x000000000021274c                PROVIDE (__ram_rodata_end = ABSOLUTE (.))
                0x00000000002126d0                PROVIDE (__flash_rodata_start = LOADADDR (.rodata))

.rwdata         0x000000000021274c     0x1778 load address 0x0000000000213ec4
                0x000000000021274c                PROVIDE (__ram_rwdata_start = ABSOLUTE (.))
                0x000000000021274c                . = ALIGN (0x4)
 *(.got.plt)
 *(.got)
 *(.data1)
 *(.data .data.* .gnu.linkonce.d.*)
 .data          0x000000000021274c        0x0 c:/LABIV/Integracao/Quartus/software/IntegracaoNios_bsp//obj/HAL/src/crt0.o
 .data          0x000000000021274c        0x0 obj/default/main.o
 .data          0x000000000021274c        0x0 c:/LABIV/Integracao/Quartus/software/IntegracaoNios_bsp/\libhal_bsp.a(alt_load.o)
 .data          0x000000000021274c        0x0 c:/LABIV/Integracao/Quartus/software/IntegracaoNios_bsp/\libhal_bsp.a(alt_main.o)
 .data          0x000000000021274c     0x1180 c:/LABIV/Integracao/Quartus/software/IntegracaoNios_bsp/\libhal_bsp.a(alt_sys_init.o)
 .data          0x00000000002138cc        0x0 c:/LABIV/Integracao/Quartus/software/IntegracaoNios_bsp/\libhal_bsp.a(altera_avalon_jtag_uart_fd.o)
 .data          0x00000000002138cc        0x0 c:/LABIV/Integracao/Quartus/software/IntegracaoNios_bsp/\libhal_bsp.a(altera_avalon_jtag_uart_init.o)
 .data          0x00000000002138cc        0x0 c:/LABIV/Integracao/Quartus/software/IntegracaoNios_bsp/\libhal_bsp.a(altera_avalon_jtag_uart_ioctl.o)
 .data          0x00000000002138cc        0x0 c:/LABIV/Integracao/Quartus/software/IntegracaoNios_bsp/\libhal_bsp.a(altera_avalon_jtag_uart_read.o)
 .data          0x00000000002138cc        0x0 c:/LABIV/Integracao/Quartus/software/IntegracaoNios_bsp/\libhal_bsp.a(altera_avalon_jtag_uart_write.o)
 .data          0x00000000002138cc        0x0 c:/LABIV/Integracao/Quartus/software/IntegracaoNios_bsp/\libhal_bsp.a(alt_alarm_start.o)
 .data          0x00000000002138cc        0x0 c:/LABIV/Integracao/Quartus/software/IntegracaoNios_bsp/\libhal_bsp.a(alt_close.o)
 .data          0x00000000002138cc        0x0 c:/LABIV/Integracao/Quartus/software/IntegracaoNios_bsp/\libhal_bsp.a(alt_dcache_flush_all.o)
 .data          0x00000000002138cc      0x1a8 c:/LABIV/Integracao/Quartus/software/IntegracaoNios_bsp/\libhal_bsp.a(alt_dev.o)
                0x00000000002138cc                alt_dev_null
                0x00000000002138f4                alt_fd_list
 .data          0x0000000000213a74        0x0 c:/LABIV/Integracao/Quartus/software/IntegracaoNios_bsp/\libhal_bsp.a(alt_dev_llist_insert.o)
 .data          0x0000000000213a74        0x0 c:/LABIV/Integracao/Quartus/software/IntegracaoNios_bsp/\libhal_bsp.a(alt_do_ctors.o)
 .data          0x0000000000213a74        0x0 c:/LABIV/Integracao/Quartus/software/IntegracaoNios_bsp/\libhal_bsp.a(alt_do_dtors.o)
 .data          0x0000000000213a74        0x0 c:/LABIV/Integracao/Quartus/software/IntegracaoNios_bsp/\libhal_bsp.a(alt_errno.o)
 .data          0x0000000000213a74        0x0 c:/LABIV/Integracao/Quartus/software/IntegracaoNios_bsp/\libhal_bsp.a(alt_icache_flush_all.o)
 .data          0x0000000000213a74        0x0 c:/LABIV/Integracao/Quartus/software/IntegracaoNios_bsp/\libhal_bsp.a(alt_iic.o)
 .data          0x0000000000213a74        0x0 c:/LABIV/Integracao/Quartus/software/IntegracaoNios_bsp/\libhal_bsp.a(alt_iic_isr_register.o)
 .data          0x0000000000213a74        0x0 c:/LABIV/Integracao/Quartus/software/IntegracaoNios_bsp/\libhal_bsp.a(alt_io_redirect.o)
 .data          0x0000000000213a74        0x0 c:/LABIV/Integracao/Quartus/software/IntegracaoNios_bsp/\libhal_bsp.a(alt_irq_entry.o)
 .data          0x0000000000213a74        0x0 c:/LABIV/Integracao/Quartus/software/IntegracaoNios_bsp/\libhal_bsp.a(alt_irq_handler.o)
 .data          0x0000000000213a74        0x0 c:/LABIV/Integracao/Quartus/software/IntegracaoNios_bsp/\libhal_bsp.a(alt_irq_vars.o)
 .data          0x0000000000213a74        0x0 c:/LABIV/Integracao/Quartus/software/IntegracaoNios_bsp/\libhal_bsp.a(alt_open.o)
 .data          0x0000000000213a74        0x0 c:/LABIV/Integracao/Quartus/software/IntegracaoNios_bsp/\libhal_bsp.a(alt_release_fd.o)
 .data          0x0000000000213a74        0x0 c:/LABIV/Integracao/Quartus/software/IntegracaoNios_bsp/\libhal_bsp.a(alt_tick.o)
 .data          0x0000000000213a74        0x0 c:/LABIV/Integracao/Quartus/software/IntegracaoNios_bsp/\libhal_bsp.a(altera_nios2_gen2_irq.o)
 .data          0x0000000000213a74        0x0 c:/LABIV/Integracao/Quartus/software/IntegracaoNios_bsp/\libhal_bsp.a(alt_exception_entry.o)
 .data          0x0000000000213a74        0x0 c:/LABIV/Integracao/Quartus/software/IntegracaoNios_bsp/\libhal_bsp.a(alt_find_dev.o)
 .data          0x0000000000213a74        0x0 c:/LABIV/Integracao/Quartus/software/IntegracaoNios_bsp/\libhal_bsp.a(alt_find_file.o)
 .data          0x0000000000213a74        0x0 c:/LABIV/Integracao/Quartus/software/IntegracaoNios_bsp/\libhal_bsp.a(alt_get_fd.o)
 .data          0x0000000000213a74        0x0 c:/LABIV/Integracao/Quartus/software/IntegracaoNios_bsp/\libhal_bsp.a(alt_instruction_exception_entry.o)
 .data          0x0000000000213a74        0x0 d:/programas/intelfpga/nios2eds/bin/gnu/h-x86_64-mingw32/bin/../lib/gcc/nios2-elf/10.1.1/../../../../../H-x86_64-mingw32/nios2-elf/lib/mno-hw-mul\libc.a(lib_a-atexit.o)
 .data          0x0000000000213a74        0x0 d:/programas/intelfpga/nios2eds/bin/gnu/h-x86_64-mingw32/bin/../lib/gcc/nios2-elf/10.1.1/../../../../../H-x86_64-mingw32/nios2-elf/lib/mno-hw-mul\libc.a(lib_a-exit.o)
 .data          0x0000000000213a74        0x0 d:/programas/intelfpga/nios2eds/bin/gnu/h-x86_64-mingw32/bin/../lib/gcc/nios2-elf/10.1.1/../../../../../H-x86_64-mingw32/nios2-elf/lib/mno-hw-mul\libc.a(lib_a-impure.o)
 .data.impure_data
                0x0000000000213a74      0x424 d:/programas/intelfpga/nios2eds/bin/gnu/h-x86_64-mingw32/bin/../lib/gcc/nios2-elf/10.1.1/../../../../../H-x86_64-mingw32/nios2-elf/lib/mno-hw-mul\libc.a(lib_a-impure.o)
 .data          0x0000000000213e98        0x0 d:/programas/intelfpga/nios2eds/bin/gnu/h-x86_64-mingw32/bin/../lib/gcc/nios2-elf/10.1.1/../../../../../H-x86_64-mingw32/nios2-elf/lib/mno-hw-mul\libc.a(lib_a-int_errno.o)
 .data          0x0000000000213e98        0x0 d:/programas/intelfpga/nios2eds/bin/gnu/h-x86_64-mingw32/bin/../lib/gcc/nios2-elf/10.1.1/../../../../../H-x86_64-mingw32/nios2-elf/lib/mno-hw-mul\libc.a(lib_a-memcmp.o)
 .data          0x0000000000213e98        0x0 d:/programas/intelfpga/nios2eds/bin/gnu/h-x86_64-mingw32/bin/../lib/gcc/nios2-elf/10.1.1/../../../../../H-x86_64-mingw32/nios2-elf/lib/mno-hw-mul\libc.a(lib_a-memcpy.o)
 .data          0x0000000000213e98        0x0 d:/programas/intelfpga/nios2eds/bin/gnu/h-x86_64-mingw32/bin/../lib/gcc/nios2-elf/10.1.1/../../../../../H-x86_64-mingw32/nios2-elf/lib/mno-hw-mul\libc.a(lib_a-strlen.o)
 .data          0x0000000000213e98        0x0 d:/programas/intelfpga/nios2eds/bin/gnu/h-x86_64-mingw32/bin/../lib/gcc/nios2-elf/10.1.1/../../../../../H-x86_64-mingw32/nios2-elf/lib/mno-hw-mul\libc.a(lib_a-__atexit.o)
 .data          0x0000000000213e98        0x0 d:/programas/intelfpga/nios2eds/bin/gnu/h-x86_64-mingw32/bin/../lib/gcc/nios2-elf/10.1.1/../../../../../H-x86_64-mingw32/nios2-elf/lib/mno-hw-mul\libc.a(lib_a-__call_atexit.o)
 .data          0x0000000000213e98        0x0 c:/LABIV/Integracao/Quartus/software/IntegracaoNios_bsp/\libhal_bsp.a(alt_exit.o)
                0x000000000021be98                _gp = ABSOLUTE ((. + 0x8000))
                [!provide]                        PROVIDE (gp = _gp)
 *(.rwdata .rwdata.*)
 *(.sdata .sdata.* .gnu.linkonce.s.*)
 .sdata         0x0000000000213e98       0x14 c:/LABIV/Integracao/Quartus/software/IntegracaoNios_bsp/\libhal_bsp.a(alt_dev.o)
                0x0000000000213e98                alt_fs_list
                0x0000000000213ea0                alt_dev_list
                0x0000000000213ea8                alt_max_fd
 .sdata         0x0000000000213eac        0x4 c:/LABIV/Integracao/Quartus/software/IntegracaoNios_bsp/\libhal_bsp.a(alt_errno.o)
                0x0000000000213eac                alt_errno
 .sdata         0x0000000000213eb0        0x4 c:/LABIV/Integracao/Quartus/software/IntegracaoNios_bsp/\libhal_bsp.a(alt_irq_vars.o)
                0x0000000000213eb0                alt_priority_mask
 .sdata         0x0000000000213eb4        0x8 c:/LABIV/Integracao/Quartus/software/IntegracaoNios_bsp/\libhal_bsp.a(alt_tick.o)
                0x0000000000213eb4                alt_alarm_list
 .sdata._global_impure_ptr
                0x0000000000213ebc        0x4 d:/programas/intelfpga/nios2eds/bin/gnu/h-x86_64-mingw32/bin/../lib/gcc/nios2-elf/10.1.1/../../../../../H-x86_64-mingw32/nios2-elf/lib/mno-hw-mul\libc.a(lib_a-impure.o)
                0x0000000000213ebc                _global_impure_ptr
 .sdata._impure_ptr
                0x0000000000213ec0        0x4 d:/programas/intelfpga/nios2eds/bin/gnu/h-x86_64-mingw32/bin/../lib/gcc/nios2-elf/10.1.1/../../../../../H-x86_64-mingw32/nios2-elf/lib/mno-hw-mul\libc.a(lib_a-impure.o)
                0x0000000000213ec0                _impure_ptr
 *(.sdata2 .sdata2.* .gnu.linkonce.s2.*)
                0x0000000000213ec4                . = ALIGN (0x4)
                0x0000000000213ec4                _edata = ABSOLUTE (.)
                [!provide]                        PROVIDE (edata = ABSOLUTE (.))
                0x0000000000213ec4                PROVIDE (__ram_rwdata_end = ABSOLUTE (.))
                0x0000000000213ec4                PROVIDE (__flash_rwdata_start = LOADADDR (.rwdata))

.bss            0x000000000021563c      0x120
                0x000000000021563c                __bss_start = ABSOLUTE (.)
                [!provide]                        PROVIDE (__sbss_start = ABSOLUTE (.))
                [!provide]                        PROVIDE (___sbss_start = ABSOLUTE (.))
 *(.dynsbss)
 *(.sbss .sbss.* .gnu.linkonce.sb.*)
 .sbss          0x000000000021563c        0xc c:/LABIV/Integracao/Quartus/software/IntegracaoNios_bsp/\libhal_bsp.a(alt_main.o)
                0x000000000021563c                alt_argc
                0x0000000000215640                alt_argv
                0x0000000000215644                alt_envp
 .sbss          0x0000000000215648        0x4 c:/LABIV/Integracao/Quartus/software/IntegracaoNios_bsp/\libhal_bsp.a(alt_irq_vars.o)
                0x0000000000215648                alt_irq_active
 .sbss          0x000000000021564c        0x8 c:/LABIV/Integracao/Quartus/software/IntegracaoNios_bsp/\libhal_bsp.a(alt_tick.o)
                0x000000000021564c                _alt_tick_rate
                0x0000000000215650                _alt_nticks
 .sbss          0x0000000000215654        0x4 c:/LABIV/Integracao/Quartus/software/IntegracaoNios_bsp/\libhal_bsp.a(alt_instruction_exception_entry.o)
                0x0000000000215654                alt_instruction_exception_handler
 .sbss.errno    0x0000000000215658        0x4 d:/programas/intelfpga/nios2eds/bin/gnu/h-x86_64-mingw32/bin/../lib/gcc/nios2-elf/10.1.1/../../../../../H-x86_64-mingw32/nios2-elf/lib/mno-hw-mul\libc.a(lib_a-int_errno.o)
                0x0000000000215658                errno
 *(.sbss2 .sbss2.* .gnu.linkonce.sb2.*)
 *(.scommon)
                [!provide]                        PROVIDE (__sbss_end = ABSOLUTE (.))
                [!provide]                        PROVIDE (___sbss_end = ABSOLUTE (.))
 *(.dynbss)
 *(.bss .bss.* .gnu.linkonce.b.*)
 .bss           0x000000000021565c        0x0 c:/LABIV/Integracao/Quartus/software/IntegracaoNios_bsp//obj/HAL/src/crt0.o
 .bss           0x000000000021565c        0x0 obj/default/main.o
 .bss           0x000000000021565c        0x0 c:/LABIV/Integracao/Quartus/software/IntegracaoNios_bsp/\libhal_bsp.a(alt_load.o)
 .bss           0x000000000021565c        0x0 c:/LABIV/Integracao/Quartus/software/IntegracaoNios_bsp/\libhal_bsp.a(alt_main.o)
 .bss           0x000000000021565c        0x0 c:/LABIV/Integracao/Quartus/software/IntegracaoNios_bsp/\libhal_bsp.a(alt_sys_init.o)
 .bss           0x000000000021565c        0x0 c:/LABIV/Integracao/Quartus/software/IntegracaoNios_bsp/\libhal_bsp.a(altera_avalon_jtag_uart_fd.o)
 .bss           0x000000000021565c        0x0 c:/LABIV/Integracao/Quartus/software/IntegracaoNios_bsp/\libhal_bsp.a(altera_avalon_jtag_uart_init.o)
 .bss           0x000000000021565c        0x0 c:/LABIV/Integracao/Quartus/software/IntegracaoNios_bsp/\libhal_bsp.a(altera_avalon_jtag_uart_ioctl.o)
 .bss           0x000000000021565c        0x0 c:/LABIV/Integracao/Quartus/software/IntegracaoNios_bsp/\libhal_bsp.a(altera_avalon_jtag_uart_read.o)
 .bss           0x000000000021565c        0x0 c:/LABIV/Integracao/Quartus/software/IntegracaoNios_bsp/\libhal_bsp.a(altera_avalon_jtag_uart_write.o)
 .bss           0x000000000021565c        0x0 c:/LABIV/Integracao/Quartus/software/IntegracaoNios_bsp/\libhal_bsp.a(alt_alarm_start.o)
 .bss           0x000000000021565c        0x0 c:/LABIV/Integracao/Quartus/software/IntegracaoNios_bsp/\libhal_bsp.a(alt_close.o)
 .bss           0x000000000021565c        0x0 c:/LABIV/Integracao/Quartus/software/IntegracaoNios_bsp/\libhal_bsp.a(alt_dcache_flush_all.o)
 .bss           0x000000000021565c        0x0 c:/LABIV/Integracao/Quartus/software/IntegracaoNios_bsp/\libhal_bsp.a(alt_dev.o)
 .bss           0x000000000021565c        0x0 c:/LABIV/Integracao/Quartus/software/IntegracaoNios_bsp/\libhal_bsp.a(alt_dev_llist_insert.o)
 .bss           0x000000000021565c        0x0 c:/LABIV/Integracao/Quartus/software/IntegracaoNios_bsp/\libhal_bsp.a(alt_do_ctors.o)
 .bss           0x000000000021565c        0x0 c:/LABIV/Integracao/Quartus/software/IntegracaoNios_bsp/\libhal_bsp.a(alt_do_dtors.o)
 .bss           0x000000000021565c        0x0 c:/LABIV/Integracao/Quartus/software/IntegracaoNios_bsp/\libhal_bsp.a(alt_errno.o)
 .bss           0x000000000021565c        0x0 c:/LABIV/Integracao/Quartus/software/IntegracaoNios_bsp/\libhal_bsp.a(alt_icache_flush_all.o)
 .bss           0x000000000021565c        0x0 c:/LABIV/Integracao/Quartus/software/IntegracaoNios_bsp/\libhal_bsp.a(alt_iic.o)
 .bss           0x000000000021565c        0x0 c:/LABIV/Integracao/Quartus/software/IntegracaoNios_bsp/\libhal_bsp.a(alt_iic_isr_register.o)
 .bss           0x000000000021565c        0x0 c:/LABIV/Integracao/Quartus/software/IntegracaoNios_bsp/\libhal_bsp.a(alt_io_redirect.o)
 .bss           0x000000000021565c        0x0 c:/LABIV/Integracao/Quartus/software/IntegracaoNios_bsp/\libhal_bsp.a(alt_irq_entry.o)
 .bss           0x000000000021565c      0x100 c:/LABIV/Integracao/Quartus/software/IntegracaoNios_bsp/\libhal_bsp.a(alt_irq_handler.o)
                0x000000000021565c                alt_irq
 .bss           0x000000000021575c        0x0 c:/LABIV/Integracao/Quartus/software/IntegracaoNios_bsp/\libhal_bsp.a(alt_irq_vars.o)
 .bss           0x000000000021575c        0x0 c:/LABIV/Integracao/Quartus/software/IntegracaoNios_bsp/\libhal_bsp.a(alt_open.o)
 .bss           0x000000000021575c        0x0 c:/LABIV/Integracao/Quartus/software/IntegracaoNios_bsp/\libhal_bsp.a(alt_release_fd.o)
 .bss           0x000000000021575c        0x0 c:/LABIV/Integracao/Quartus/software/IntegracaoNios_bsp/\libhal_bsp.a(alt_tick.o)
 .bss           0x000000000021575c        0x0 c:/LABIV/Integracao/Quartus/software/IntegracaoNios_bsp/\libhal_bsp.a(altera_nios2_gen2_irq.o)
 .bss           0x000000000021575c        0x0 c:/LABIV/Integracao/Quartus/software/IntegracaoNios_bsp/\libhal_bsp.a(alt_exception_entry.o)
 .bss           0x000000000021575c        0x0 c:/LABIV/Integracao/Quartus/software/IntegracaoNios_bsp/\libhal_bsp.a(alt_find_dev.o)
 .bss           0x000000000021575c        0x0 c:/LABIV/Integracao/Quartus/software/IntegracaoNios_bsp/\libhal_bsp.a(alt_find_file.o)
 .bss           0x000000000021575c        0x0 c:/LABIV/Integracao/Quartus/software/IntegracaoNios_bsp/\libhal_bsp.a(alt_get_fd.o)
 .bss           0x000000000021575c        0x0 c:/LABIV/Integracao/Quartus/software/IntegracaoNios_bsp/\libhal_bsp.a(alt_instruction_exception_entry.o)
 .bss           0x000000000021575c        0x0 d:/programas/intelfpga/nios2eds/bin/gnu/h-x86_64-mingw32/bin/../lib/gcc/nios2-elf/10.1.1/../../../../../H-x86_64-mingw32/nios2-elf/lib/mno-hw-mul\libc.a(lib_a-atexit.o)
 .bss           0x000000000021575c        0x0 d:/programas/intelfpga/nios2eds/bin/gnu/h-x86_64-mingw32/bin/../lib/gcc/nios2-elf/10.1.1/../../../../../H-x86_64-mingw32/nios2-elf/lib/mno-hw-mul\libc.a(lib_a-exit.o)
 .bss           0x000000000021575c        0x0 d:/programas/intelfpga/nios2eds/bin/gnu/h-x86_64-mingw32/bin/../lib/gcc/nios2-elf/10.1.1/../../../../../H-x86_64-mingw32/nios2-elf/lib/mno-hw-mul\libc.a(lib_a-impure.o)
 .bss           0x000000000021575c        0x0 d:/programas/intelfpga/nios2eds/bin/gnu/h-x86_64-mingw32/bin/../lib/gcc/nios2-elf/10.1.1/../../../../../H-x86_64-mingw32/nios2-elf/lib/mno-hw-mul\libc.a(lib_a-int_errno.o)
 .bss           0x000000000021575c        0x0 d:/programas/intelfpga/nios2eds/bin/gnu/h-x86_64-mingw32/bin/../lib/gcc/nios2-elf/10.1.1/../../../../../H-x86_64-mingw32/nios2-elf/lib/mno-hw-mul\libc.a(lib_a-memcmp.o)
 .bss           0x000000000021575c        0x0 d:/programas/intelfpga/nios2eds/bin/gnu/h-x86_64-mingw32/bin/../lib/gcc/nios2-elf/10.1.1/../../../../../H-x86_64-mingw32/nios2-elf/lib/mno-hw-mul\libc.a(lib_a-memcpy.o)
 .bss           0x000000000021575c        0x0 d:/programas/intelfpga/nios2eds/bin/gnu/h-x86_64-mingw32/bin/../lib/gcc/nios2-elf/10.1.1/../../../../../H-x86_64-mingw32/nios2-elf/lib/mno-hw-mul\libc.a(lib_a-strlen.o)
 .bss           0x000000000021575c        0x0 d:/programas/intelfpga/nios2eds/bin/gnu/h-x86_64-mingw32/bin/../lib/gcc/nios2-elf/10.1.1/../../../../../H-x86_64-mingw32/nios2-elf/lib/mno-hw-mul\libc.a(lib_a-__atexit.o)
 .bss           0x000000000021575c        0x0 d:/programas/intelfpga/nios2eds/bin/gnu/h-x86_64-mingw32/bin/../lib/gcc/nios2-elf/10.1.1/../../../../../H-x86_64-mingw32/nios2-elf/lib/mno-hw-mul\libc.a(lib_a-__call_atexit.o)
 .bss           0x000000000021575c        0x0 c:/LABIV/Integracao/Quartus/software/IntegracaoNios_bsp/\libhal_bsp.a(alt_exit.o)
 *(COMMON)
                0x000000000021575c                . = ALIGN (0x4)
                0x000000000021575c                __bss_end = ABSOLUTE (.)

.onchip_memory  0x000000000021575c        0x0
                [!provide]                        PROVIDE (_alt_partition_onchip_memory_start = ABSOLUTE (.))
 *(.onchip_memory .onchip_memory. onchip_memory.*)
                0x000000000021575c                . = ALIGN (0x4)
                [!provide]                        PROVIDE (_alt_partition_onchip_memory_end = ABSOLUTE (.))
                0x000000000021575c                _end = ABSOLUTE (.)
                0x000000000021575c                end = ABSOLUTE (.)
                0x000000000021575c                __alt_stack_base = ABSOLUTE (.)
                [!provide]                        PROVIDE (_alt_partition_onchip_memory_load_addr = LOADADDR (.onchip_memory))

.stab
 *(.stab)

.stabstr
 *(.stabstr)

.stab.excl
 *(.stab.excl)

.stab.exclstr
 *(.stab.exclstr)

.stab.index
 *(.stab.index)

.stab.indexstr
 *(.stab.indexstr)

.comment        0x0000000000000000       0x2d
 *(.comment)
 .comment       0x0000000000000000       0x2d obj/default/main.o
                                         0x2e (size before relaxing)
 .comment       0x000000000000002d       0x2e c:/LABIV/Integracao/Quartus/software/IntegracaoNios_bsp/\libhal_bsp.a(alt_load.o)
 .comment       0x000000000000002d       0x2e c:/LABIV/Integracao/Quartus/software/IntegracaoNios_bsp/\libhal_bsp.a(alt_main.o)
 .comment       0x000000000000002d       0x2e c:/LABIV/Integracao/Quartus/software/IntegracaoNios_bsp/\libhal_bsp.a(alt_sys_init.o)
 .comment       0x000000000000002d       0x2e c:/LABIV/Integracao/Quartus/software/IntegracaoNios_bsp/\libhal_bsp.a(altera_avalon_jtag_uart_fd.o)
 .comment       0x000000000000002d       0x2e c:/LABIV/Integracao/Quartus/software/IntegracaoNios_bsp/\libhal_bsp.a(altera_avalon_jtag_uart_init.o)
 .comment       0x000000000000002d       0x2e c:/LABIV/Integracao/Quartus/software/IntegracaoNios_bsp/\libhal_bsp.a(altera_avalon_jtag_uart_ioctl.o)
 .comment       0x000000000000002d       0x2e c:/LABIV/Integracao/Quartus/software/IntegracaoNios_bsp/\libhal_bsp.a(altera_avalon_jtag_uart_read.o)
 .comment       0x000000000000002d       0x2e c:/LABIV/Integracao/Quartus/software/IntegracaoNios_bsp/\libhal_bsp.a(altera_avalon_jtag_uart_write.o)
 .comment       0x000000000000002d       0x2e c:/LABIV/Integracao/Quartus/software/IntegracaoNios_bsp/\libhal_bsp.a(alt_alarm_start.o)
 .comment       0x000000000000002d       0x2e c:/LABIV/Integracao/Quartus/software/IntegracaoNios_bsp/\libhal_bsp.a(alt_close.o)
 .comment       0x000000000000002d       0x2e c:/LABIV/Integracao/Quartus/software/IntegracaoNios_bsp/\libhal_bsp.a(alt_dcache_flush_all.o)
 .comment       0x000000000000002d       0x2e c:/LABIV/Integracao/Quartus/software/IntegracaoNios_bsp/\libhal_bsp.a(alt_dev.o)
 .comment       0x000000000000002d       0x2e c:/LABIV/Integracao/Quartus/software/IntegracaoNios_bsp/\libhal_bsp.a(alt_dev_llist_insert.o)
 .comment       0x000000000000002d       0x2e c:/LABIV/Integracao/Quartus/software/IntegracaoNios_bsp/\libhal_bsp.a(alt_do_ctors.o)
 .comment       0x000000000000002d       0x2e c:/LABIV/Integracao/Quartus/software/IntegracaoNios_bsp/\libhal_bsp.a(alt_do_dtors.o)
 .comment       0x000000000000002d       0x2e c:/LABIV/Integracao/Quartus/software/IntegracaoNios_bsp/\libhal_bsp.a(alt_errno.o)
 .comment       0x000000000000002d       0x2e c:/LABIV/Integracao/Quartus/software/IntegracaoNios_bsp/\libhal_bsp.a(alt_icache_flush_all.o)
 .comment       0x000000000000002d       0x2e c:/LABIV/Integracao/Quartus/software/IntegracaoNios_bsp/\libhal_bsp.a(alt_iic.o)
 .comment       0x000000000000002d       0x2e c:/LABIV/Integracao/Quartus/software/IntegracaoNios_bsp/\libhal_bsp.a(alt_iic_isr_register.o)
 .comment       0x000000000000002d       0x2e c:/LABIV/Integracao/Quartus/software/IntegracaoNios_bsp/\libhal_bsp.a(alt_io_redirect.o)
 .comment       0x000000000000002d       0x2e c:/LABIV/Integracao/Quartus/software/IntegracaoNios_bsp/\libhal_bsp.a(alt_irq_handler.o)
 .comment       0x000000000000002d       0x2e c:/LABIV/Integracao/Quartus/software/IntegracaoNios_bsp/\libhal_bsp.a(alt_irq_vars.o)
 .comment       0x000000000000002d       0x2e c:/LABIV/Integracao/Quartus/software/IntegracaoNios_bsp/\libhal_bsp.a(alt_open.o)
 .comment       0x000000000000002d       0x2e c:/LABIV/Integracao/Quartus/software/IntegracaoNios_bsp/\libhal_bsp.a(alt_release_fd.o)
 .comment       0x000000000000002d       0x2e c:/LABIV/Integracao/Quartus/software/IntegracaoNios_bsp/\libhal_bsp.a(alt_tick.o)
 .comment       0x000000000000002d       0x2e c:/LABIV/Integracao/Quartus/software/IntegracaoNios_bsp/\libhal_bsp.a(altera_nios2_gen2_irq.o)
 .comment       0x000000000000002d       0x2e c:/LABIV/Integracao/Quartus/software/IntegracaoNios_bsp/\libhal_bsp.a(alt_find_dev.o)
 .comment       0x000000000000002d       0x2e c:/LABIV/Integracao/Quartus/software/IntegracaoNios_bsp/\libhal_bsp.a(alt_find_file.o)
 .comment       0x000000000000002d       0x2e c:/LABIV/Integracao/Quartus/software/IntegracaoNios_bsp/\libhal_bsp.a(alt_get_fd.o)
 .comment       0x000000000000002d       0x2e c:/LABIV/Integracao/Quartus/software/IntegracaoNios_bsp/\libhal_bsp.a(alt_instruction_exception_entry.o)
 .comment       0x000000000000002d       0x2e d:/programas/intelfpga/nios2eds/bin/gnu/h-x86_64-mingw32/bin/../lib/gcc/nios2-elf/10.1.1/../../../../../H-x86_64-mingw32/nios2-elf/lib/mno-hw-mul\libc.a(lib_a-atexit.o)
 .comment       0x000000000000002d       0x2e d:/programas/intelfpga/nios2eds/bin/gnu/h-x86_64-mingw32/bin/../lib/gcc/nios2-elf/10.1.1/../../../../../H-x86_64-mingw32/nios2-elf/lib/mno-hw-mul\libc.a(lib_a-exit.o)
 .comment       0x000000000000002d       0x2e d:/programas/intelfpga/nios2eds/bin/gnu/h-x86_64-mingw32/bin/../lib/gcc/nios2-elf/10.1.1/../../../../../H-x86_64-mingw32/nios2-elf/lib/mno-hw-mul\libc.a(lib_a-impure.o)
 .comment       0x000000000000002d       0x2e d:/programas/intelfpga/nios2eds/bin/gnu/h-x86_64-mingw32/bin/../lib/gcc/nios2-elf/10.1.1/../../../../../H-x86_64-mingw32/nios2-elf/lib/mno-hw-mul\libc.a(lib_a-int_errno.o)
 .comment       0x000000000000002d       0x2e d:/programas/intelfpga/nios2eds/bin/gnu/h-x86_64-mingw32/bin/../lib/gcc/nios2-elf/10.1.1/../../../../../H-x86_64-mingw32/nios2-elf/lib/mno-hw-mul\libc.a(lib_a-memcmp.o)
 .comment       0x000000000000002d       0x2e d:/programas/intelfpga/nios2eds/bin/gnu/h-x86_64-mingw32/bin/../lib/gcc/nios2-elf/10.1.1/../../../../../H-x86_64-mingw32/nios2-elf/lib/mno-hw-mul\libc.a(lib_a-memcpy.o)
 .comment       0x000000000000002d       0x2e d:/programas/intelfpga/nios2eds/bin/gnu/h-x86_64-mingw32/bin/../lib/gcc/nios2-elf/10.1.1/../../../../../H-x86_64-mingw32/nios2-elf/lib/mno-hw-mul\libc.a(lib_a-strlen.o)
 .comment       0x000000000000002d       0x2e d:/programas/intelfpga/nios2eds/bin/gnu/h-x86_64-mingw32/bin/../lib/gcc/nios2-elf/10.1.1/../../../../../H-x86_64-mingw32/nios2-elf/lib/mno-hw-mul\libc.a(lib_a-__atexit.o)
 .comment       0x000000000000002d       0x2e d:/programas/intelfpga/nios2eds/bin/gnu/h-x86_64-mingw32/bin/../lib/gcc/nios2-elf/10.1.1/../../../../../H-x86_64-mingw32/nios2-elf/lib/mno-hw-mul\libc.a(lib_a-__call_atexit.o)
 .comment       0x000000000000002d       0x2e c:/LABIV/Integracao/Quartus/software/IntegracaoNios_bsp/\libhal_bsp.a(alt_exit.o)

.debug
 *(.debug)

.line
 *(.line)

.debug_srcinfo
 *(.debug_srcinfo)

.debug_sfnames
 *(.debug_sfnames)

.debug_aranges  0x0000000000000000      0x598
 *(.debug_aranges)
 .debug_aranges
                0x0000000000000000       0x28 c:/LABIV/Integracao/Quartus/software/IntegracaoNios_bsp//obj/HAL/src/crt0.o
 .debug_aranges
                0x0000000000000028       0x20 obj/default/main.o
 .debug_aranges
                0x0000000000000048       0x20 c:/LABIV/Integracao/Quartus/software/IntegracaoNios_bsp/\libhal_bsp.a(alt_load.o)
 .debug_aranges
                0x0000000000000068       0x20 c:/LABIV/Integracao/Quartus/software/IntegracaoNios_bsp/\libhal_bsp.a(alt_main.o)
 .debug_aranges
                0x0000000000000088       0x20 c:/LABIV/Integracao/Quartus/software/IntegracaoNios_bsp/\libhal_bsp.a(alt_sys_init.o)
 .debug_aranges
                0x00000000000000a8       0x20 c:/LABIV/Integracao/Quartus/software/IntegracaoNios_bsp/\libhal_bsp.a(altera_avalon_jtag_uart_fd.o)
 .debug_aranges
                0x00000000000000c8       0x20 c:/LABIV/Integracao/Quartus/software/IntegracaoNios_bsp/\libhal_bsp.a(altera_avalon_jtag_uart_init.o)
 .debug_aranges
                0x00000000000000e8       0x20 c:/LABIV/Integracao/Quartus/software/IntegracaoNios_bsp/\libhal_bsp.a(altera_avalon_jtag_uart_ioctl.o)
 .debug_aranges
                0x0000000000000108       0x20 c:/LABIV/Integracao/Quartus/software/IntegracaoNios_bsp/\libhal_bsp.a(altera_avalon_jtag_uart_read.o)
 .debug_aranges
                0x0000000000000128       0x20 c:/LABIV/Integracao/Quartus/software/IntegracaoNios_bsp/\libhal_bsp.a(altera_avalon_jtag_uart_write.o)
 .debug_aranges
                0x0000000000000148       0x20 c:/LABIV/Integracao/Quartus/software/IntegracaoNios_bsp/\libhal_bsp.a(alt_alarm_start.o)
 .debug_aranges
                0x0000000000000168       0x20 c:/LABIV/Integracao/Quartus/software/IntegracaoNios_bsp/\libhal_bsp.a(alt_close.o)
 .debug_aranges
                0x0000000000000188       0x20 c:/LABIV/Integracao/Quartus/software/IntegracaoNios_bsp/\libhal_bsp.a(alt_dcache_flush_all.o)
 .debug_aranges
                0x00000000000001a8       0x20 c:/LABIV/Integracao/Quartus/software/IntegracaoNios_bsp/\libhal_bsp.a(alt_dev.o)
 .debug_aranges
                0x00000000000001c8       0x20 c:/LABIV/Integracao/Quartus/software/IntegracaoNios_bsp/\libhal_bsp.a(alt_dev_llist_insert.o)
 .debug_aranges
                0x00000000000001e8       0x20 c:/LABIV/Integracao/Quartus/software/IntegracaoNios_bsp/\libhal_bsp.a(alt_do_ctors.o)
 .debug_aranges
                0x0000000000000208       0x20 c:/LABIV/Integracao/Quartus/software/IntegracaoNios_bsp/\libhal_bsp.a(alt_do_dtors.o)
 .debug_aranges
                0x0000000000000228       0x18 c:/LABIV/Integracao/Quartus/software/IntegracaoNios_bsp/\libhal_bsp.a(alt_errno.o)
 .debug_aranges
                0x0000000000000240       0x20 c:/LABIV/Integracao/Quartus/software/IntegracaoNios_bsp/\libhal_bsp.a(alt_icache_flush_all.o)
 .debug_aranges
                0x0000000000000260       0x20 c:/LABIV/Integracao/Quartus/software/IntegracaoNios_bsp/\libhal_bsp.a(alt_iic.o)
 .debug_aranges
                0x0000000000000280       0x20 c:/LABIV/Integracao/Quartus/software/IntegracaoNios_bsp/\libhal_bsp.a(alt_iic_isr_register.o)
 .debug_aranges
                0x00000000000002a0       0x20 c:/LABIV/Integracao/Quartus/software/IntegracaoNios_bsp/\libhal_bsp.a(alt_io_redirect.o)
 .debug_aranges
                0x00000000000002c0       0x30 c:/LABIV/Integracao/Quartus/software/IntegracaoNios_bsp/\libhal_bsp.a(alt_irq_entry.o)
 .debug_aranges
                0x00000000000002f0       0x20 c:/LABIV/Integracao/Quartus/software/IntegracaoNios_bsp/\libhal_bsp.a(alt_irq_handler.o)
 .debug_aranges
                0x0000000000000310       0x18 c:/LABIV/Integracao/Quartus/software/IntegracaoNios_bsp/\libhal_bsp.a(alt_irq_vars.o)
 .debug_aranges
                0x0000000000000328       0x20 c:/LABIV/Integracao/Quartus/software/IntegracaoNios_bsp/\libhal_bsp.a(alt_open.o)
 .debug_aranges
                0x0000000000000348       0x20 c:/LABIV/Integracao/Quartus/software/IntegracaoNios_bsp/\libhal_bsp.a(alt_release_fd.o)
 .debug_aranges
                0x0000000000000368       0x20 c:/LABIV/Integracao/Quartus/software/IntegracaoNios_bsp/\libhal_bsp.a(alt_tick.o)
 .debug_aranges
                0x0000000000000388       0x20 c:/LABIV/Integracao/Quartus/software/IntegracaoNios_bsp/\libhal_bsp.a(altera_nios2_gen2_irq.o)
 .debug_aranges
                0x00000000000003a8       0x38 c:/LABIV/Integracao/Quartus/software/IntegracaoNios_bsp/\libhal_bsp.a(alt_exception_entry.o)
 .debug_aranges
                0x00000000000003e0       0x20 c:/LABIV/Integracao/Quartus/software/IntegracaoNios_bsp/\libhal_bsp.a(alt_find_dev.o)
 .debug_aranges
                0x0000000000000400       0x20 c:/LABIV/Integracao/Quartus/software/IntegracaoNios_bsp/\libhal_bsp.a(alt_find_file.o)
 .debug_aranges
                0x0000000000000420       0x20 c:/LABIV/Integracao/Quartus/software/IntegracaoNios_bsp/\libhal_bsp.a(alt_get_fd.o)
 .debug_aranges
                0x0000000000000440       0x28 c:/LABIV/Integracao/Quartus/software/IntegracaoNios_bsp/\libhal_bsp.a(alt_instruction_exception_entry.o)
 .debug_aranges
                0x0000000000000468       0x20 d:/programas/intelfpga/nios2eds/bin/gnu/h-x86_64-mingw32/bin/../lib/gcc/nios2-elf/10.1.1/../../../../../H-x86_64-mingw32/nios2-elf/lib/mno-hw-mul\libc.a(lib_a-atexit.o)
 .debug_aranges
                0x0000000000000488       0x20 d:/programas/intelfpga/nios2eds/bin/gnu/h-x86_64-mingw32/bin/../lib/gcc/nios2-elf/10.1.1/../../../../../H-x86_64-mingw32/nios2-elf/lib/mno-hw-mul\libc.a(lib_a-exit.o)
 .debug_aranges
                0x00000000000004a8       0x18 d:/programas/intelfpga/nios2eds/bin/gnu/h-x86_64-mingw32/bin/../lib/gcc/nios2-elf/10.1.1/../../../../../H-x86_64-mingw32/nios2-elf/lib/mno-hw-mul\libc.a(lib_a-impure.o)
 .debug_aranges
                0x00000000000004c0       0x18 d:/programas/intelfpga/nios2eds/bin/gnu/h-x86_64-mingw32/bin/../lib/gcc/nios2-elf/10.1.1/../../../../../H-x86_64-mingw32/nios2-elf/lib/mno-hw-mul\libc.a(lib_a-int_errno.o)
 .debug_aranges
                0x00000000000004d8       0x20 d:/programas/intelfpga/nios2eds/bin/gnu/h-x86_64-mingw32/bin/../lib/gcc/nios2-elf/10.1.1/../../../../../H-x86_64-mingw32/nios2-elf/lib/mno-hw-mul\libc.a(lib_a-memcmp.o)
 .debug_aranges
                0x00000000000004f8       0x20 d:/programas/intelfpga/nios2eds/bin/gnu/h-x86_64-mingw32/bin/../lib/gcc/nios2-elf/10.1.1/../../../../../H-x86_64-mingw32/nios2-elf/lib/mno-hw-mul\libc.a(lib_a-memcpy.o)
 .debug_aranges
                0x0000000000000518       0x20 d:/programas/intelfpga/nios2eds/bin/gnu/h-x86_64-mingw32/bin/../lib/gcc/nios2-elf/10.1.1/../../../../../H-x86_64-mingw32/nios2-elf/lib/mno-hw-mul\libc.a(lib_a-strlen.o)
 .debug_aranges
                0x0000000000000538       0x20 d:/programas/intelfpga/nios2eds/bin/gnu/h-x86_64-mingw32/bin/../lib/gcc/nios2-elf/10.1.1/../../../../../H-x86_64-mingw32/nios2-elf/lib/mno-hw-mul\libc.a(lib_a-__atexit.o)
 .debug_aranges
                0x0000000000000558       0x20 d:/programas/intelfpga/nios2eds/bin/gnu/h-x86_64-mingw32/bin/../lib/gcc/nios2-elf/10.1.1/../../../../../H-x86_64-mingw32/nios2-elf/lib/mno-hw-mul\libc.a(lib_a-__call_atexit.o)
 .debug_aranges
                0x0000000000000578       0x20 c:/LABIV/Integracao/Quartus/software/IntegracaoNios_bsp/\libhal_bsp.a(alt_exit.o)

.debug_pubnames
 *(.debug_pubnames)

.debug_info     0x0000000000000000     0x78f1
 *(.debug_info .gnu.linkonce.wi.*)
 .debug_info    0x0000000000000000       0x22 c:/LABIV/Integracao/Quartus/software/IntegracaoNios_bsp//obj/HAL/src/crt0.o
 .debug_info    0x0000000000000022       0x90 obj/default/main.o
 .debug_info    0x00000000000000b2      0x14d c:/LABIV/Integracao/Quartus/software/IntegracaoNios_bsp/\libhal_bsp.a(alt_load.o)
 .debug_info    0x00000000000001ff       0xef c:/LABIV/Integracao/Quartus/software/IntegracaoNios_bsp/\libhal_bsp.a(alt_main.o)
 .debug_info    0x00000000000002ee      0x67e c:/LABIV/Integracao/Quartus/software/IntegracaoNios_bsp/\libhal_bsp.a(alt_sys_init.o)
 .debug_info    0x000000000000096c      0x53d c:/LABIV/Integracao/Quartus/software/IntegracaoNios_bsp/\libhal_bsp.a(altera_avalon_jtag_uart_fd.o)
 .debug_info    0x0000000000000ea9      0x3d0 c:/LABIV/Integracao/Quartus/software/IntegracaoNios_bsp/\libhal_bsp.a(altera_avalon_jtag_uart_init.o)
 .debug_info    0x0000000000001279      0x273 c:/LABIV/Integracao/Quartus/software/IntegracaoNios_bsp/\libhal_bsp.a(altera_avalon_jtag_uart_ioctl.o)
 .debug_info    0x00000000000014ec      0x336 c:/LABIV/Integracao/Quartus/software/IntegracaoNios_bsp/\libhal_bsp.a(altera_avalon_jtag_uart_read.o)
 .debug_info    0x0000000000001822      0x331 c:/LABIV/Integracao/Quartus/software/IntegracaoNios_bsp/\libhal_bsp.a(altera_avalon_jtag_uart_write.o)
 .debug_info    0x0000000000001b53      0x2dd c:/LABIV/Integracao/Quartus/software/IntegracaoNios_bsp/\libhal_bsp.a(alt_alarm_start.o)
 .debug_info    0x0000000000001e30      0x32c c:/LABIV/Integracao/Quartus/software/IntegracaoNios_bsp/\libhal_bsp.a(alt_close.o)
 .debug_info    0x000000000000215c       0x8c c:/LABIV/Integracao/Quartus/software/IntegracaoNios_bsp/\libhal_bsp.a(alt_dcache_flush_all.o)
 .debug_info    0x00000000000021e8      0x57d c:/LABIV/Integracao/Quartus/software/IntegracaoNios_bsp/\libhal_bsp.a(alt_dev.o)
 .debug_info    0x0000000000002765      0x1b0 c:/LABIV/Integracao/Quartus/software/IntegracaoNios_bsp/\libhal_bsp.a(alt_dev_llist_insert.o)
 .debug_info    0x0000000000002915       0x88 c:/LABIV/Integracao/Quartus/software/IntegracaoNios_bsp/\libhal_bsp.a(alt_do_ctors.o)
 .debug_info    0x000000000000299d       0x88 c:/LABIV/Integracao/Quartus/software/IntegracaoNios_bsp/\libhal_bsp.a(alt_do_dtors.o)
 .debug_info    0x0000000000002a25       0x9d c:/LABIV/Integracao/Quartus/software/IntegracaoNios_bsp/\libhal_bsp.a(alt_errno.o)
 .debug_info    0x0000000000002ac2       0x8c c:/LABIV/Integracao/Quartus/software/IntegracaoNios_bsp/\libhal_bsp.a(alt_icache_flush_all.o)
 .debug_info    0x0000000000002b4e      0x32c c:/LABIV/Integracao/Quartus/software/IntegracaoNios_bsp/\libhal_bsp.a(alt_iic.o)
 .debug_info    0x0000000000002e7a      0x1f0 c:/LABIV/Integracao/Quartus/software/IntegracaoNios_bsp/\libhal_bsp.a(alt_iic_isr_register.o)
 .debug_info    0x000000000000306a      0x546 c:/LABIV/Integracao/Quartus/software/IntegracaoNios_bsp/\libhal_bsp.a(alt_io_redirect.o)
 .debug_info    0x00000000000035b0       0x22 c:/LABIV/Integracao/Quartus/software/IntegracaoNios_bsp/\libhal_bsp.a(alt_irq_entry.o)
 .debug_info    0x00000000000035d2      0x175 c:/LABIV/Integracao/Quartus/software/IntegracaoNios_bsp/\libhal_bsp.a(alt_irq_handler.o)
 .debug_info    0x0000000000003747       0x8b c:/LABIV/Integracao/Quartus/software/IntegracaoNios_bsp/\libhal_bsp.a(alt_irq_vars.o)
 .debug_info    0x00000000000037d2      0x3dd c:/LABIV/Integracao/Quartus/software/IntegracaoNios_bsp/\libhal_bsp.a(alt_open.o)
 .debug_info    0x0000000000003baf      0x2b9 c:/LABIV/Integracao/Quartus/software/IntegracaoNios_bsp/\libhal_bsp.a(alt_release_fd.o)
 .debug_info    0x0000000000003e68      0x2bd c:/LABIV/Integracao/Quartus/software/IntegracaoNios_bsp/\libhal_bsp.a(alt_tick.o)
 .debug_info    0x0000000000004125       0x8c c:/LABIV/Integracao/Quartus/software/IntegracaoNios_bsp/\libhal_bsp.a(altera_nios2_gen2_irq.o)
 .debug_info    0x00000000000041b1       0x22 c:/LABIV/Integracao/Quartus/software/IntegracaoNios_bsp/\libhal_bsp.a(alt_exception_entry.o)
 .debug_info    0x00000000000041d3      0x2ee c:/LABIV/Integracao/Quartus/software/IntegracaoNios_bsp/\libhal_bsp.a(alt_find_dev.o)
 .debug_info    0x00000000000044c1      0x2eb c:/LABIV/Integracao/Quartus/software/IntegracaoNios_bsp/\libhal_bsp.a(alt_find_file.o)
 .debug_info    0x00000000000047ac      0x31c c:/LABIV/Integracao/Quartus/software/IntegracaoNios_bsp/\libhal_bsp.a(alt_get_fd.o)
 .debug_info    0x0000000000004ac8      0x1f1 c:/LABIV/Integracao/Quartus/software/IntegracaoNios_bsp/\libhal_bsp.a(alt_instruction_exception_entry.o)
 .debug_info    0x0000000000004cb9      0x100 d:/programas/intelfpga/nios2eds/bin/gnu/h-x86_64-mingw32/bin/../lib/gcc/nios2-elf/10.1.1/../../../../../H-x86_64-mingw32/nios2-elf/lib/mno-hw-mul\libc.a(lib_a-atexit.o)
 .debug_info    0x0000000000004db9      0x970 d:/programas/intelfpga/nios2eds/bin/gnu/h-x86_64-mingw32/bin/../lib/gcc/nios2-elf/10.1.1/../../../../../H-x86_64-mingw32/nios2-elf/lib/mno-hw-mul\libc.a(lib_a-exit.o)
 .debug_info    0x0000000000005729      0x931 d:/programas/intelfpga/nios2eds/bin/gnu/h-x86_64-mingw32/bin/../lib/gcc/nios2-elf/10.1.1/../../../../../H-x86_64-mingw32/nios2-elf/lib/mno-hw-mul\libc.a(lib_a-impure.o)
 .debug_info    0x000000000000605a       0x84 d:/programas/intelfpga/nios2eds/bin/gnu/h-x86_64-mingw32/bin/../lib/gcc/nios2-elf/10.1.1/../../../../../H-x86_64-mingw32/nios2-elf/lib/mno-hw-mul\libc.a(lib_a-int_errno.o)
 .debug_info    0x00000000000060de      0x138 d:/programas/intelfpga/nios2eds/bin/gnu/h-x86_64-mingw32/bin/../lib/gcc/nios2-elf/10.1.1/../../../../../H-x86_64-mingw32/nios2-elf/lib/mno-hw-mul\libc.a(lib_a-memcmp.o)
 .debug_info    0x0000000000006216      0x162 d:/programas/intelfpga/nios2eds/bin/gnu/h-x86_64-mingw32/bin/../lib/gcc/nios2-elf/10.1.1/../../../../../H-x86_64-mingw32/nios2-elf/lib/mno-hw-mul\libc.a(lib_a-memcpy.o)
 .debug_info    0x0000000000006378       0xee d:/programas/intelfpga/nios2eds/bin/gnu/h-x86_64-mingw32/bin/../lib/gcc/nios2-elf/10.1.1/../../../../../H-x86_64-mingw32/nios2-elf/lib/mno-hw-mul\libc.a(lib_a-strlen.o)
 .debug_info    0x0000000000006466      0x9b1 d:/programas/intelfpga/nios2eds/bin/gnu/h-x86_64-mingw32/bin/../lib/gcc/nios2-elf/10.1.1/../../../../../H-x86_64-mingw32/nios2-elf/lib/mno-hw-mul\libc.a(lib_a-__atexit.o)
 .debug_info    0x0000000000006e17      0x9f9 d:/programas/intelfpga/nios2eds/bin/gnu/h-x86_64-mingw32/bin/../lib/gcc/nios2-elf/10.1.1/../../../../../H-x86_64-mingw32/nios2-elf/lib/mno-hw-mul\libc.a(lib_a-__call_atexit.o)
 .debug_info    0x0000000000007810       0xe1 c:/LABIV/Integracao/Quartus/software/IntegracaoNios_bsp/\libhal_bsp.a(alt_exit.o)

.debug_abbrev   0x0000000000000000     0x2b2e
 *(.debug_abbrev)
 .debug_abbrev  0x0000000000000000       0x12 c:/LABIV/Integracao/Quartus/software/IntegracaoNios_bsp//obj/HAL/src/crt0.o
 .debug_abbrev  0x0000000000000012       0x44 obj/default/main.o
 .debug_abbrev  0x0000000000000056       0xab c:/LABIV/Integracao/Quartus/software/IntegracaoNios_bsp/\libhal_bsp.a(alt_load.o)
 .debug_abbrev  0x0000000000000101       0x86 c:/LABIV/Integracao/Quartus/software/IntegracaoNios_bsp/\libhal_bsp.a(alt_main.o)
 .debug_abbrev  0x0000000000000187      0x196 c:/LABIV/Integracao/Quartus/software/IntegracaoNios_bsp/\libhal_bsp.a(alt_sys_init.o)
 .debug_abbrev  0x000000000000031d      0x146 c:/LABIV/Integracao/Quartus/software/IntegracaoNios_bsp/\libhal_bsp.a(altera_avalon_jtag_uart_fd.o)
 .debug_abbrev  0x0000000000000463      0x1be c:/LABIV/Integracao/Quartus/software/IntegracaoNios_bsp/\libhal_bsp.a(altera_avalon_jtag_uart_init.o)
 .debug_abbrev  0x0000000000000621      0x112 c:/LABIV/Integracao/Quartus/software/IntegracaoNios_bsp/\libhal_bsp.a(altera_avalon_jtag_uart_ioctl.o)
 .debug_abbrev  0x0000000000000733      0x1b0 c:/LABIV/Integracao/Quartus/software/IntegracaoNios_bsp/\libhal_bsp.a(altera_avalon_jtag_uart_read.o)
 .debug_abbrev  0x00000000000008e3      0x1ae c:/LABIV/Integracao/Quartus/software/IntegracaoNios_bsp/\libhal_bsp.a(altera_avalon_jtag_uart_write.o)
 .debug_abbrev  0x0000000000000a91      0x188 c:/LABIV/Integracao/Quartus/software/IntegracaoNios_bsp/\libhal_bsp.a(alt_alarm_start.o)
 .debug_abbrev  0x0000000000000c19      0x133 c:/LABIV/Integracao/Quartus/software/IntegracaoNios_bsp/\libhal_bsp.a(alt_close.o)
 .debug_abbrev  0x0000000000000d4c       0x44 c:/LABIV/Integracao/Quartus/software/IntegracaoNios_bsp/\libhal_bsp.a(alt_dcache_flush_all.o)
 .debug_abbrev  0x0000000000000d90      0x117 c:/LABIV/Integracao/Quartus/software/IntegracaoNios_bsp/\libhal_bsp.a(alt_dev.o)
 .debug_abbrev  0x0000000000000ea7      0x12a c:/LABIV/Integracao/Quartus/software/IntegracaoNios_bsp/\libhal_bsp.a(alt_dev_llist_insert.o)
 .debug_abbrev  0x0000000000000fd1       0x81 c:/LABIV/Integracao/Quartus/software/IntegracaoNios_bsp/\libhal_bsp.a(alt_do_ctors.o)
 .debug_abbrev  0x0000000000001052       0x81 c:/LABIV/Integracao/Quartus/software/IntegracaoNios_bsp/\libhal_bsp.a(alt_do_dtors.o)
 .debug_abbrev  0x00000000000010d3       0x5a c:/LABIV/Integracao/Quartus/software/IntegracaoNios_bsp/\libhal_bsp.a(alt_errno.o)
 .debug_abbrev  0x000000000000112d       0x44 c:/LABIV/Integracao/Quartus/software/IntegracaoNios_bsp/\libhal_bsp.a(alt_icache_flush_all.o)
 .debug_abbrev  0x0000000000001171      0x189 c:/LABIV/Integracao/Quartus/software/IntegracaoNios_bsp/\libhal_bsp.a(alt_iic.o)
 .debug_abbrev  0x00000000000012fa      0x17c c:/LABIV/Integracao/Quartus/software/IntegracaoNios_bsp/\libhal_bsp.a(alt_iic_isr_register.o)
 .debug_abbrev  0x0000000000001476      0x126 c:/LABIV/Integracao/Quartus/software/IntegracaoNios_bsp/\libhal_bsp.a(alt_io_redirect.o)
 .debug_abbrev  0x000000000000159c       0x12 c:/LABIV/Integracao/Quartus/software/IntegracaoNios_bsp/\libhal_bsp.a(alt_irq_entry.o)
 .debug_abbrev  0x00000000000015ae      0x12d c:/LABIV/Integracao/Quartus/software/IntegracaoNios_bsp/\libhal_bsp.a(alt_irq_handler.o)
 .debug_abbrev  0x00000000000016db       0x44 c:/LABIV/Integracao/Quartus/software/IntegracaoNios_bsp/\libhal_bsp.a(alt_irq_vars.o)
 .debug_abbrev  0x000000000000171f      0x160 c:/LABIV/Integracao/Quartus/software/IntegracaoNios_bsp/\libhal_bsp.a(alt_open.o)
 .debug_abbrev  0x000000000000187f       0xea c:/LABIV/Integracao/Quartus/software/IntegracaoNios_bsp/\libhal_bsp.a(alt_release_fd.o)
 .debug_abbrev  0x0000000000001969      0x17a c:/LABIV/Integracao/Quartus/software/IntegracaoNios_bsp/\libhal_bsp.a(alt_tick.o)
 .debug_abbrev  0x0000000000001ae3       0x44 c:/LABIV/Integracao/Quartus/software/IntegracaoNios_bsp/\libhal_bsp.a(altera_nios2_gen2_irq.o)
 .debug_abbrev  0x0000000000001b27       0x12 c:/LABIV/Integracao/Quartus/software/IntegracaoNios_bsp/\libhal_bsp.a(alt_exception_entry.o)
 .debug_abbrev  0x0000000000001b39       0xed c:/LABIV/Integracao/Quartus/software/IntegracaoNios_bsp/\libhal_bsp.a(alt_find_dev.o)
 .debug_abbrev  0x0000000000001c26      0x100 c:/LABIV/Integracao/Quartus/software/IntegracaoNios_bsp/\libhal_bsp.a(alt_find_file.o)
 .debug_abbrev  0x0000000000001d26      0x121 c:/LABIV/Integracao/Quartus/software/IntegracaoNios_bsp/\libhal_bsp.a(alt_get_fd.o)
 .debug_abbrev  0x0000000000001e47       0xea c:/LABIV/Integracao/Quartus/software/IntegracaoNios_bsp/\libhal_bsp.a(alt_instruction_exception_entry.o)
 .debug_abbrev  0x0000000000001f31       0xb7 d:/programas/intelfpga/nios2eds/bin/gnu/h-x86_64-mingw32/bin/../lib/gcc/nios2-elf/10.1.1/../../../../../H-x86_64-mingw32/nios2-elf/lib/mno-hw-mul\libc.a(lib_a-atexit.o)
 .debug_abbrev  0x0000000000001fe8      0x21d d:/programas/intelfpga/nios2eds/bin/gnu/h-x86_64-mingw32/bin/../lib/gcc/nios2-elf/10.1.1/../../../../../H-x86_64-mingw32/nios2-elf/lib/mno-hw-mul\libc.a(lib_a-exit.o)
 .debug_abbrev  0x0000000000002205      0x1c9 d:/programas/intelfpga/nios2eds/bin/gnu/h-x86_64-mingw32/bin/../lib/gcc/nios2-elf/10.1.1/../../../../../H-x86_64-mingw32/nios2-elf/lib/mno-hw-mul\libc.a(lib_a-impure.o)
 .debug_abbrev  0x00000000000023ce       0x39 d:/programas/intelfpga/nios2eds/bin/gnu/h-x86_64-mingw32/bin/../lib/gcc/nios2-elf/10.1.1/../../../../../H-x86_64-mingw32/nios2-elf/lib/mno-hw-mul\libc.a(lib_a-int_errno.o)
 .debug_abbrev  0x0000000000002407       0x8d d:/programas/intelfpga/nios2eds/bin/gnu/h-x86_64-mingw32/bin/../lib/gcc/nios2-elf/10.1.1/../../../../../H-x86_64-mingw32/nios2-elf/lib/mno-hw-mul\libc.a(lib_a-memcmp.o)
 .debug_abbrev  0x0000000000002494       0xb6 d:/programas/intelfpga/nios2eds/bin/gnu/h-x86_64-mingw32/bin/../lib/gcc/nios2-elf/10.1.1/../../../../../H-x86_64-mingw32/nios2-elf/lib/mno-hw-mul\libc.a(lib_a-memcpy.o)
 .debug_abbrev  0x000000000000254a       0x8f d:/programas/intelfpga/nios2eds/bin/gnu/h-x86_64-mingw32/bin/../lib/gcc/nios2-elf/10.1.1/../../../../../H-x86_64-mingw32/nios2-elf/lib/mno-hw-mul\libc.a(lib_a-strlen.o)
 .debug_abbrev  0x00000000000025d9      0x250 d:/programas/intelfpga/nios2eds/bin/gnu/h-x86_64-mingw32/bin/../lib/gcc/nios2-elf/10.1.1/../../../../../H-x86_64-mingw32/nios2-elf/lib/mno-hw-mul\libc.a(lib_a-__atexit.o)
 .debug_abbrev  0x0000000000002829      0x259 d:/programas/intelfpga/nios2eds/bin/gnu/h-x86_64-mingw32/bin/../lib/gcc/nios2-elf/10.1.1/../../../../../H-x86_64-mingw32/nios2-elf/lib/mno-hw-mul\libc.a(lib_a-__call_atexit.o)
 .debug_abbrev  0x0000000000002a82       0xac c:/LABIV/Integracao/Quartus/software/IntegracaoNios_bsp/\libhal_bsp.a(alt_exit.o)

.debug_line     0x0000000000000000     0x3181
 *(.debug_line)
 .debug_line    0x0000000000000000       0x66 c:/LABIV/Integracao/Quartus/software/IntegracaoNios_bsp//obj/HAL/src/crt0.o
 .debug_line    0x0000000000000066       0x3e obj/default/main.o
 .debug_line    0x00000000000000a4       0xa6 c:/LABIV/Integracao/Quartus/software/IntegracaoNios_bsp/\libhal_bsp.a(alt_load.o)
 .debug_line    0x000000000000014a       0x85 c:/LABIV/Integracao/Quartus/software/IntegracaoNios_bsp/\libhal_bsp.a(alt_main.o)
 .debug_line    0x00000000000001cf      0x1d9 c:/LABIV/Integracao/Quartus/software/IntegracaoNios_bsp/\libhal_bsp.a(alt_sys_init.o)
 .debug_line    0x00000000000003a8      0x149 c:/LABIV/Integracao/Quartus/software/IntegracaoNios_bsp/\libhal_bsp.a(altera_avalon_jtag_uart_fd.o)
 .debug_line    0x00000000000004f1      0x25b c:/LABIV/Integracao/Quartus/software/IntegracaoNios_bsp/\libhal_bsp.a(altera_avalon_jtag_uart_init.o)
 .debug_line    0x000000000000074c      0x154 c:/LABIV/Integracao/Quartus/software/IntegracaoNios_bsp/\libhal_bsp.a(altera_avalon_jtag_uart_ioctl.o)
 .debug_line    0x00000000000008a0      0x1d1 c:/LABIV/Integracao/Quartus/software/IntegracaoNios_bsp/\libhal_bsp.a(altera_avalon_jtag_uart_read.o)
 .debug_line    0x0000000000000a71      0x1d6 c:/LABIV/Integracao/Quartus/software/IntegracaoNios_bsp/\libhal_bsp.a(altera_avalon_jtag_uart_write.o)
 .debug_line    0x0000000000000c47      0x138 c:/LABIV/Integracao/Quartus/software/IntegracaoNios_bsp/\libhal_bsp.a(alt_alarm_start.o)
 .debug_line    0x0000000000000d7f      0x1ad c:/LABIV/Integracao/Quartus/software/IntegracaoNios_bsp/\libhal_bsp.a(alt_close.o)
 .debug_line    0x0000000000000f2c       0x53 c:/LABIV/Integracao/Quartus/software/IntegracaoNios_bsp/\libhal_bsp.a(alt_dcache_flush_all.o)
 .debug_line    0x0000000000000f7f      0x19f c:/LABIV/Integracao/Quartus/software/IntegracaoNios_bsp/\libhal_bsp.a(alt_dev.o)
 .debug_line    0x000000000000111e      0x106 c:/LABIV/Integracao/Quartus/software/IntegracaoNios_bsp/\libhal_bsp.a(alt_dev_llist_insert.o)
 .debug_line    0x0000000000001224       0x66 c:/LABIV/Integracao/Quartus/software/IntegracaoNios_bsp/\libhal_bsp.a(alt_do_ctors.o)
 .debug_line    0x000000000000128a       0x66 c:/LABIV/Integracao/Quartus/software/IntegracaoNios_bsp/\libhal_bsp.a(alt_do_dtors.o)
 .debug_line    0x00000000000012f0       0x51 c:/LABIV/Integracao/Quartus/software/IntegracaoNios_bsp/\libhal_bsp.a(alt_errno.o)
 .debug_line    0x0000000000001341       0x51 c:/LABIV/Integracao/Quartus/software/IntegracaoNios_bsp/\libhal_bsp.a(alt_icache_flush_all.o)
 .debug_line    0x0000000000001392      0x123 c:/LABIV/Integracao/Quartus/software/IntegracaoNios_bsp/\libhal_bsp.a(alt_iic.o)
 .debug_line    0x00000000000014b5       0xfc c:/LABIV/Integracao/Quartus/software/IntegracaoNios_bsp/\libhal_bsp.a(alt_iic_isr_register.o)
 .debug_line    0x00000000000015b1      0x1d2 c:/LABIV/Integracao/Quartus/software/IntegracaoNios_bsp/\libhal_bsp.a(alt_io_redirect.o)
 .debug_line    0x0000000000001783       0x6b c:/LABIV/Integracao/Quartus/software/IntegracaoNios_bsp/\libhal_bsp.a(alt_irq_entry.o)
 .debug_line    0x00000000000017ee       0xd4 c:/LABIV/Integracao/Quartus/software/IntegracaoNios_bsp/\libhal_bsp.a(alt_irq_handler.o)
 .debug_line    0x00000000000018c2       0x50 c:/LABIV/Integracao/Quartus/software/IntegracaoNios_bsp/\libhal_bsp.a(alt_irq_vars.o)
 .debug_line    0x0000000000001912      0x1a1 c:/LABIV/Integracao/Quartus/software/IntegracaoNios_bsp/\libhal_bsp.a(alt_open.o)
 .debug_line    0x0000000000001ab3       0xb6 c:/LABIV/Integracao/Quartus/software/IntegracaoNios_bsp/\libhal_bsp.a(alt_release_fd.o)
 .debug_line    0x0000000000001b69      0x160 c:/LABIV/Integracao/Quartus/software/IntegracaoNios_bsp/\libhal_bsp.a(alt_tick.o)
 .debug_line    0x0000000000001cc9       0x57 c:/LABIV/Integracao/Quartus/software/IntegracaoNios_bsp/\libhal_bsp.a(altera_nios2_gen2_irq.o)
 .debug_line    0x0000000000001d20       0xb3 c:/LABIV/Integracao/Quartus/software/IntegracaoNios_bsp/\libhal_bsp.a(alt_exception_entry.o)
 .debug_line    0x0000000000001dd3       0xb8 c:/LABIV/Integracao/Quartus/software/IntegracaoNios_bsp/\libhal_bsp.a(alt_find_dev.o)
 .debug_line    0x0000000000001e8b      0x103 c:/LABIV/Integracao/Quartus/software/IntegracaoNios_bsp/\libhal_bsp.a(alt_find_file.o)
 .debug_line    0x0000000000001f8e       0xfb c:/LABIV/Integracao/Quartus/software/IntegracaoNios_bsp/\libhal_bsp.a(alt_get_fd.o)
 .debug_line    0x0000000000002089       0xd3 c:/LABIV/Integracao/Quartus/software/IntegracaoNios_bsp/\libhal_bsp.a(alt_instruction_exception_entry.o)
 .debug_line    0x000000000000215c       0xf7 d:/programas/intelfpga/nios2eds/bin/gnu/h-x86_64-mingw32/bin/../lib/gcc/nios2-elf/10.1.1/../../../../../H-x86_64-mingw32/nios2-elf/lib/mno-hw-mul\libc.a(lib_a-atexit.o)
 .debug_line    0x0000000000002253      0x22a d:/programas/intelfpga/nios2eds/bin/gnu/h-x86_64-mingw32/bin/../lib/gcc/nios2-elf/10.1.1/../../../../../H-x86_64-mingw32/nios2-elf/lib/mno-hw-mul\libc.a(lib_a-exit.o)
 .debug_line    0x000000000000247d      0x167 d:/programas/intelfpga/nios2eds/bin/gnu/h-x86_64-mingw32/bin/../lib/gcc/nios2-elf/10.1.1/../../../../../H-x86_64-mingw32/nios2-elf/lib/mno-hw-mul\libc.a(lib_a-impure.o)
 .debug_line    0x00000000000025e4       0x61 d:/programas/intelfpga/nios2eds/bin/gnu/h-x86_64-mingw32/bin/../lib/gcc/nios2-elf/10.1.1/../../../../../H-x86_64-mingw32/nios2-elf/lib/mno-hw-mul\libc.a(lib_a-int_errno.o)
 .debug_line    0x0000000000002645      0x1e6 d:/programas/intelfpga/nios2eds/bin/gnu/h-x86_64-mingw32/bin/../lib/gcc/nios2-elf/10.1.1/../../../../../H-x86_64-mingw32/nios2-elf/lib/mno-hw-mul\libc.a(lib_a-memcmp.o)
 .debug_line    0x000000000000282b      0x238 d:/programas/intelfpga/nios2eds/bin/gnu/h-x86_64-mingw32/bin/../lib/gcc/nios2-elf/10.1.1/../../../../../H-x86_64-mingw32/nios2-elf/lib/mno-hw-mul\libc.a(lib_a-memcpy.o)
 .debug_line    0x0000000000002a63      0x1db d:/programas/intelfpga/nios2eds/bin/gnu/h-x86_64-mingw32/bin/../lib/gcc/nios2-elf/10.1.1/../../../../../H-x86_64-mingw32/nios2-elf/lib/mno-hw-mul\libc.a(lib_a-strlen.o)
 .debug_line    0x0000000000002c3e      0x21b d:/programas/intelfpga/nios2eds/bin/gnu/h-x86_64-mingw32/bin/../lib/gcc/nios2-elf/10.1.1/../../../../../H-x86_64-mingw32/nios2-elf/lib/mno-hw-mul\libc.a(lib_a-__atexit.o)
 .debug_line    0x0000000000002e59      0x2a3 d:/programas/intelfpga/nios2eds/bin/gnu/h-x86_64-mingw32/bin/../lib/gcc/nios2-elf/10.1.1/../../../../../H-x86_64-mingw32/nios2-elf/lib/mno-hw-mul\libc.a(lib_a-__call_atexit.o)
 .debug_line    0x00000000000030fc       0x85 c:/LABIV/Integracao/Quartus/software/IntegracaoNios_bsp/\libhal_bsp.a(alt_exit.o)

.debug_frame    0x0000000000000000      0xa40
 *(.debug_frame)
 .debug_frame   0x0000000000000000       0x34 obj/default/main.o
 .debug_frame   0x0000000000000034       0x5c c:/LABIV/Integracao/Quartus/software/IntegracaoNios_bsp/\libhal_bsp.a(alt_load.o)
 .debug_frame   0x0000000000000090       0x2c c:/LABIV/Integracao/Quartus/software/IntegracaoNios_bsp/\libhal_bsp.a(alt_main.o)
 .debug_frame   0x00000000000000bc       0x88 c:/LABIV/Integracao/Quartus/software/IntegracaoNios_bsp/\libhal_bsp.a(alt_sys_init.o)
 .debug_frame   0x0000000000000144       0xb0 c:/LABIV/Integracao/Quartus/software/IntegracaoNios_bsp/\libhal_bsp.a(altera_avalon_jtag_uart_fd.o)
 .debug_frame   0x00000000000001f4       0xa4 c:/LABIV/Integracao/Quartus/software/IntegracaoNios_bsp/\libhal_bsp.a(altera_avalon_jtag_uart_init.o)
 .debug_frame   0x0000000000000298       0x34 c:/LABIV/Integracao/Quartus/software/IntegracaoNios_bsp/\libhal_bsp.a(altera_avalon_jtag_uart_ioctl.o)
 .debug_frame   0x00000000000002cc       0x38 c:/LABIV/Integracao/Quartus/software/IntegracaoNios_bsp/\libhal_bsp.a(altera_avalon_jtag_uart_read.o)
 .debug_frame   0x0000000000000304       0x38 c:/LABIV/Integracao/Quartus/software/IntegracaoNios_bsp/\libhal_bsp.a(altera_avalon_jtag_uart_write.o)
 .debug_frame   0x000000000000033c       0x34 c:/LABIV/Integracao/Quartus/software/IntegracaoNios_bsp/\libhal_bsp.a(alt_alarm_start.o)
 .debug_frame   0x0000000000000370       0x60 c:/LABIV/Integracao/Quartus/software/IntegracaoNios_bsp/\libhal_bsp.a(alt_close.o)
 .debug_frame   0x00000000000003d0       0x34 c:/LABIV/Integracao/Quartus/software/IntegracaoNios_bsp/\libhal_bsp.a(alt_dcache_flush_all.o)
 .debug_frame   0x0000000000000404       0x34 c:/LABIV/Integracao/Quartus/software/IntegracaoNios_bsp/\libhal_bsp.a(alt_dev.o)
 .debug_frame   0x0000000000000438       0x60 c:/LABIV/Integracao/Quartus/software/IntegracaoNios_bsp/\libhal_bsp.a(alt_dev_llist_insert.o)
 .debug_frame   0x0000000000000498       0x38 c:/LABIV/Integracao/Quartus/software/IntegracaoNios_bsp/\libhal_bsp.a(alt_do_ctors.o)
 .debug_frame   0x00000000000004d0       0x38 c:/LABIV/Integracao/Quartus/software/IntegracaoNios_bsp/\libhal_bsp.a(alt_do_dtors.o)
 .debug_frame   0x0000000000000508       0x34 c:/LABIV/Integracao/Quartus/software/IntegracaoNios_bsp/\libhal_bsp.a(alt_icache_flush_all.o)
 .debug_frame   0x000000000000053c       0xa4 c:/LABIV/Integracao/Quartus/software/IntegracaoNios_bsp/\libhal_bsp.a(alt_iic.o)
 .debug_frame   0x00000000000005e0       0x38 c:/LABIV/Integracao/Quartus/software/IntegracaoNios_bsp/\libhal_bsp.a(alt_iic_isr_register.o)
 .debug_frame   0x0000000000000618       0x60 c:/LABIV/Integracao/Quartus/software/IntegracaoNios_bsp/\libhal_bsp.a(alt_io_redirect.o)
 .debug_frame   0x0000000000000678       0x38 c:/LABIV/Integracao/Quartus/software/IntegracaoNios_bsp/\libhal_bsp.a(alt_irq_handler.o)
 .debug_frame   0x00000000000006b0       0x84 c:/LABIV/Integracao/Quartus/software/IntegracaoNios_bsp/\libhal_bsp.a(alt_open.o)
 .debug_frame   0x0000000000000734       0x34 c:/LABIV/Integracao/Quartus/software/IntegracaoNios_bsp/\libhal_bsp.a(alt_release_fd.o)
 .debug_frame   0x0000000000000768       0x5c c:/LABIV/Integracao/Quartus/software/IntegracaoNios_bsp/\libhal_bsp.a(alt_tick.o)
 .debug_frame   0x00000000000007c4       0x34 c:/LABIV/Integracao/Quartus/software/IntegracaoNios_bsp/\libhal_bsp.a(altera_nios2_gen2_irq.o)
 .debug_frame   0x00000000000007f8       0x38 c:/LABIV/Integracao/Quartus/software/IntegracaoNios_bsp/\libhal_bsp.a(alt_find_dev.o)
 .debug_frame   0x0000000000000830       0x38 c:/LABIV/Integracao/Quartus/software/IntegracaoNios_bsp/\libhal_bsp.a(alt_find_file.o)
 .debug_frame   0x0000000000000868       0x34 c:/LABIV/Integracao/Quartus/software/IntegracaoNios_bsp/\libhal_bsp.a(alt_get_fd.o)
 .debug_frame   0x000000000000089c       0x5c c:/LABIV/Integracao/Quartus/software/IntegracaoNios_bsp/\libhal_bsp.a(alt_instruction_exception_entry.o)
 .debug_frame   0x00000000000008f8       0x20 d:/programas/intelfpga/nios2eds/bin/gnu/h-x86_64-mingw32/bin/../lib/gcc/nios2-elf/10.1.1/../../../../../H-x86_64-mingw32/nios2-elf/lib/mno-hw-mul\libc.a(lib_a-atexit.o)
 .debug_frame   0x0000000000000918       0x28 d:/programas/intelfpga/nios2eds/bin/gnu/h-x86_64-mingw32/bin/../lib/gcc/nios2-elf/10.1.1/../../../../../H-x86_64-mingw32/nios2-elf/lib/mno-hw-mul\libc.a(lib_a-exit.o)
 .debug_frame   0x0000000000000940       0x20 d:/programas/intelfpga/nios2eds/bin/gnu/h-x86_64-mingw32/bin/../lib/gcc/nios2-elf/10.1.1/../../../../../H-x86_64-mingw32/nios2-elf/lib/mno-hw-mul\libc.a(lib_a-memcmp.o)
 .debug_frame   0x0000000000000960       0x20 d:/programas/intelfpga/nios2eds/bin/gnu/h-x86_64-mingw32/bin/../lib/gcc/nios2-elf/10.1.1/../../../../../H-x86_64-mingw32/nios2-elf/lib/mno-hw-mul\libc.a(lib_a-memcpy.o)
 .debug_frame   0x0000000000000980       0x20 d:/programas/intelfpga/nios2eds/bin/gnu/h-x86_64-mingw32/bin/../lib/gcc/nios2-elf/10.1.1/../../../../../H-x86_64-mingw32/nios2-elf/lib/mno-hw-mul\libc.a(lib_a-strlen.o)
 .debug_frame   0x00000000000009a0       0x20 d:/programas/intelfpga/nios2eds/bin/gnu/h-x86_64-mingw32/bin/../lib/gcc/nios2-elf/10.1.1/../../../../../H-x86_64-mingw32/nios2-elf/lib/mno-hw-mul\libc.a(lib_a-__atexit.o)
 .debug_frame   0x00000000000009c0       0x54 d:/programas/intelfpga/nios2eds/bin/gnu/h-x86_64-mingw32/bin/../lib/gcc/nios2-elf/10.1.1/../../../../../H-x86_64-mingw32/nios2-elf/lib/mno-hw-mul\libc.a(lib_a-__call_atexit.o)
 .debug_frame   0x0000000000000a14       0x2c c:/LABIV/Integracao/Quartus/software/IntegracaoNios_bsp/\libhal_bsp.a(alt_exit.o)

.debug_str      0x0000000000000000     0x1c0c
 *(.debug_str)
 .debug_str     0x0000000000000000       0x56 c:/LABIV/Integracao/Quartus/software/IntegracaoNios_bsp//obj/HAL/src/crt0.o
 .debug_str     0x0000000000000056       0xe3 obj/default/main.o
                                        0x128 (size before relaxing)
 .debug_str     0x0000000000000139       0xf1 c:/LABIV/Integracao/Quartus/software/IntegracaoNios_bsp/\libhal_bsp.a(alt_load.o)
                                        0x211 (size before relaxing)
 .debug_str     0x000000000000022a       0x44 c:/LABIV/Integracao/Quartus/software/IntegracaoNios_bsp/\libhal_bsp.a(alt_main.o)
                                        0x16b (size before relaxing)
 .debug_str     0x000000000000026e      0x326 c:/LABIV/Integracao/Quartus/software/IntegracaoNios_bsp/\libhal_bsp.a(alt_sys_init.o)
                                        0x4bf (size before relaxing)
 .debug_str     0x0000000000000594       0xb2 c:/LABIV/Integracao/Quartus/software/IntegracaoNios_bsp/\libhal_bsp.a(altera_avalon_jtag_uart_fd.o)
                                        0x37b (size before relaxing)
 .debug_str     0x0000000000000646       0xe0 c:/LABIV/Integracao/Quartus/software/IntegracaoNios_bsp/\libhal_bsp.a(altera_avalon_jtag_uart_init.o)
                                        0x31e (size before relaxing)
 .debug_str     0x0000000000000726       0x4a c:/LABIV/Integracao/Quartus/software/IntegracaoNios_bsp/\libhal_bsp.a(altera_avalon_jtag_uart_ioctl.o)
                                        0x26a (size before relaxing)
 .debug_str     0x0000000000000770       0x7f c:/LABIV/Integracao/Quartus/software/IntegracaoNios_bsp/\libhal_bsp.a(altera_avalon_jtag_uart_read.o)
                                        0x2bf (size before relaxing)
 .debug_str     0x00000000000007ef       0x4a c:/LABIV/Integracao/Quartus/software/IntegracaoNios_bsp/\libhal_bsp.a(altera_avalon_jtag_uart_write.o)
                                        0x2c0 (size before relaxing)
 .debug_str     0x0000000000000839       0x65 c:/LABIV/Integracao/Quartus/software/IntegracaoNios_bsp/\libhal_bsp.a(alt_alarm_start.o)
                                        0x27d (size before relaxing)
 .debug_str     0x000000000000089e       0x44 c:/LABIV/Integracao/Quartus/software/IntegracaoNios_bsp/\libhal_bsp.a(alt_close.o)
                                        0x1fd (size before relaxing)
 .debug_str     0x00000000000008e2       0x34 c:/LABIV/Integracao/Quartus/software/IntegracaoNios_bsp/\libhal_bsp.a(alt_dcache_flush_all.o)
                                        0x154 (size before relaxing)
 .debug_str     0x0000000000000916      0x150 c:/LABIV/Integracao/Quartus/software/IntegracaoNios_bsp/\libhal_bsp.a(alt_dev.o)
                                        0x363 (size before relaxing)
 .debug_str     0x0000000000000a66       0x34 c:/LABIV/Integracao/Quartus/software/IntegracaoNios_bsp/\libhal_bsp.a(alt_dev_llist_insert.o)
                                        0x1cb (size before relaxing)
 .debug_str     0x0000000000000a9a       0x48 c:/LABIV/Integracao/Quartus/software/IntegracaoNios_bsp/\libhal_bsp.a(alt_do_ctors.o)
                                         0xd8 (size before relaxing)
 .debug_str     0x0000000000000ae2       0x4c c:/LABIV/Integracao/Quartus/software/IntegracaoNios_bsp/\libhal_bsp.a(alt_do_dtors.o)
                                         0xd7 (size before relaxing)
 .debug_str     0x0000000000000b2e       0x14 c:/LABIV/Integracao/Quartus/software/IntegracaoNios_bsp/\libhal_bsp.a(alt_errno.o)
                                        0x13e (size before relaxing)
 .debug_str     0x0000000000000b42       0x34 c:/LABIV/Integracao/Quartus/software/IntegracaoNios_bsp/\libhal_bsp.a(alt_icache_flush_all.o)
                                        0x154 (size before relaxing)
 .debug_str     0x0000000000000b76       0xb2 c:/LABIV/Integracao/Quartus/software/IntegracaoNios_bsp/\libhal_bsp.a(alt_iic.o)
                                        0x22b (size before relaxing)
 .debug_str     0x0000000000000c28       0x4c c:/LABIV/Integracao/Quartus/software/IntegracaoNios_bsp/\libhal_bsp.a(alt_iic_isr_register.o)
                                        0x1e7 (size before relaxing)
 .debug_str     0x0000000000000c74       0x56 c:/LABIV/Integracao/Quartus/software/IntegracaoNios_bsp/\libhal_bsp.a(alt_io_redirect.o)
                                        0x367 (size before relaxing)
 .debug_str     0x0000000000000cca       0x18 c:/LABIV/Integracao/Quartus/software/IntegracaoNios_bsp/\libhal_bsp.a(alt_irq_entry.o)
                                         0x5f (size before relaxing)
 .debug_str     0x0000000000000ce2       0x3a c:/LABIV/Integracao/Quartus/software/IntegracaoNios_bsp/\libhal_bsp.a(alt_irq_handler.o)
                                        0x196 (size before relaxing)
 .debug_str     0x0000000000000d1c       0x29 c:/LABIV/Integracao/Quartus/software/IntegracaoNios_bsp/\libhal_bsp.a(alt_irq_vars.o)
                                        0x142 (size before relaxing)
 .debug_str     0x0000000000000d45       0x2f c:/LABIV/Integracao/Quartus/software/IntegracaoNios_bsp/\libhal_bsp.a(alt_open.o)
                                        0x24a (size before relaxing)
 .debug_str     0x0000000000000d74       0x28 c:/LABIV/Integracao/Quartus/software/IntegracaoNios_bsp/\libhal_bsp.a(alt_release_fd.o)
                                        0x1ce (size before relaxing)
 .debug_str     0x0000000000000d9c       0x4a c:/LABIV/Integracao/Quartus/software/IntegracaoNios_bsp/\libhal_bsp.a(alt_tick.o)
                                        0x251 (size before relaxing)
 .debug_str     0x0000000000000de6       0x3b c:/LABIV/Integracao/Quartus/software/IntegracaoNios_bsp/\libhal_bsp.a(altera_nios2_gen2_irq.o)
                                        0x15b (size before relaxing)
 .debug_str     0x0000000000000e21       0x1e c:/LABIV/Integracao/Quartus/software/IntegracaoNios_bsp/\libhal_bsp.a(alt_exception_entry.o)
                                         0x65 (size before relaxing)
 .debug_str     0x0000000000000e3f       0x24 c:/LABIV/Integracao/Quartus/software/IntegracaoNios_bsp/\libhal_bsp.a(alt_find_dev.o)
                                        0x1de (size before relaxing)
 .debug_str     0x0000000000000e63       0x26 c:/LABIV/Integracao/Quartus/software/IntegracaoNios_bsp/\libhal_bsp.a(alt_find_file.o)
                                        0x1ec (size before relaxing)
 .debug_str     0x0000000000000e89       0x30 c:/LABIV/Integracao/Quartus/software/IntegracaoNios_bsp/\libhal_bsp.a(alt_get_fd.o)
                                        0x20e (size before relaxing)
 .debug_str     0x0000000000000eb9      0x48b c:/LABIV/Integracao/Quartus/software/IntegracaoNios_bsp/\libhal_bsp.a(alt_instruction_exception_entry.o)
                                        0x5a8 (size before relaxing)
 .debug_str     0x0000000000001344      0x17c d:/programas/intelfpga/nios2eds/bin/gnu/h-x86_64-mingw32/bin/../lib/gcc/nios2-elf/10.1.1/../../../../../H-x86_64-mingw32/nios2-elf/lib/mno-hw-mul\libc.a(lib_a-atexit.o)
                                        0x218 (size before relaxing)
 .debug_str     0x00000000000014c0      0x3bf d:/programas/intelfpga/nios2eds/bin/gnu/h-x86_64-mingw32/bin/../lib/gcc/nios2-elf/10.1.1/../../../../../H-x86_64-mingw32/nios2-elf/lib/mno-hw-mul\libc.a(lib_a-exit.o)
                                        0x5bf (size before relaxing)
 .debug_str     0x000000000000187f       0xd9 d:/programas/intelfpga/nios2eds/bin/gnu/h-x86_64-mingw32/bin/../lib/gcc/nios2-elf/10.1.1/../../../../../H-x86_64-mingw32/nios2-elf/lib/mno-hw-mul\libc.a(lib_a-impure.o)
                                        0x5b6 (size before relaxing)
 .debug_str     0x0000000000001958       0x41 d:/programas/intelfpga/nios2eds/bin/gnu/h-x86_64-mingw32/bin/../lib/gcc/nios2-elf/10.1.1/../../../../../H-x86_64-mingw32/nios2-elf/lib/mno-hw-mul\libc.a(lib_a-int_errno.o)
                                        0x1d4 (size before relaxing)
 .debug_str     0x0000000000001999       0xd6 d:/programas/intelfpga/nios2eds/bin/gnu/h-x86_64-mingw32/bin/../lib/gcc/nios2-elf/10.1.1/../../../../../H-x86_64-mingw32/nios2-elf/lib/mno-hw-mul\libc.a(lib_a-memcmp.o)
                                        0x1db (size before relaxing)
 .debug_str     0x0000000000001a6f       0x6d d:/programas/intelfpga/nios2eds/bin/gnu/h-x86_64-mingw32/bin/../lib/gcc/nios2-elf/10.1.1/../../../../../H-x86_64-mingw32/nios2-elf/lib/mno-hw-mul\libc.a(lib_a-memcpy.o)
                                        0x202 (size before relaxing)
 .debug_str     0x0000000000001adc       0x53 d:/programas/intelfpga/nios2eds/bin/gnu/h-x86_64-mingw32/bin/../lib/gcc/nios2-elf/10.1.1/../../../../../H-x86_64-mingw32/nios2-elf/lib/mno-hw-mul\libc.a(lib_a-strlen.o)
                                        0x1ee (size before relaxing)
 .debug_str     0x0000000000001b2f       0x46 d:/programas/intelfpga/nios2eds/bin/gnu/h-x86_64-mingw32/bin/../lib/gcc/nios2-elf/10.1.1/../../../../../H-x86_64-mingw32/nios2-elf/lib/mno-hw-mul\libc.a(lib_a-__atexit.o)
                                        0x5f0 (size before relaxing)
 .debug_str     0x0000000000001b75       0x6d d:/programas/intelfpga/nios2eds/bin/gnu/h-x86_64-mingw32/bin/../lib/gcc/nios2-elf/10.1.1/../../../../../H-x86_64-mingw32/nios2-elf/lib/mno-hw-mul\libc.a(lib_a-__call_atexit.o)
                                        0x5e9 (size before relaxing)
 .debug_str     0x0000000000001be2       0x2a c:/LABIV/Integracao/Quartus/software/IntegracaoNios_bsp/\libhal_bsp.a(alt_exit.o)
                                        0x150 (size before relaxing)

.debug_loc      0x0000000000000000      0x827
 *(.debug_loc)
 .debug_loc     0x0000000000000000       0x32 d:/programas/intelfpga/nios2eds/bin/gnu/h-x86_64-mingw32/bin/../lib/gcc/nios2-elf/10.1.1/../../../../../H-x86_64-mingw32/nios2-elf/lib/mno-hw-mul\libc.a(lib_a-atexit.o)
 .debug_loc     0x0000000000000032       0x22 d:/programas/intelfpga/nios2eds/bin/gnu/h-x86_64-mingw32/bin/../lib/gcc/nios2-elf/10.1.1/../../../../../H-x86_64-mingw32/nios2-elf/lib/mno-hw-mul\libc.a(lib_a-exit.o)
 .debug_loc     0x0000000000000054      0x158 d:/programas/intelfpga/nios2eds/bin/gnu/h-x86_64-mingw32/bin/../lib/gcc/nios2-elf/10.1.1/../../../../../H-x86_64-mingw32/nios2-elf/lib/mno-hw-mul\libc.a(lib_a-memcmp.o)
 .debug_loc     0x00000000000001ac      0x347 d:/programas/intelfpga/nios2eds/bin/gnu/h-x86_64-mingw32/bin/../lib/gcc/nios2-elf/10.1.1/../../../../../H-x86_64-mingw32/nios2-elf/lib/mno-hw-mul\libc.a(lib_a-memcpy.o)
 .debug_loc     0x00000000000004f3       0x73 d:/programas/intelfpga/nios2eds/bin/gnu/h-x86_64-mingw32/bin/../lib/gcc/nios2-elf/10.1.1/../../../../../H-x86_64-mingw32/nios2-elf/lib/mno-hw-mul\libc.a(lib_a-strlen.o)
 .debug_loc     0x0000000000000566       0xf7 d:/programas/intelfpga/nios2eds/bin/gnu/h-x86_64-mingw32/bin/../lib/gcc/nios2-elf/10.1.1/../../../../../H-x86_64-mingw32/nios2-elf/lib/mno-hw-mul\libc.a(lib_a-__atexit.o)
 .debug_loc     0x000000000000065d      0x1ca d:/programas/intelfpga/nios2eds/bin/gnu/h-x86_64-mingw32/bin/../lib/gcc/nios2-elf/10.1.1/../../../../../H-x86_64-mingw32/nios2-elf/lib/mno-hw-mul\libc.a(lib_a-__call_atexit.o)

.debug_macinfo
 *(.debug_macinfo)

.debug_weaknames
 *(.debug_weaknames)

.debug_funcnames
 *(.debug_funcnames)

.debug_typenames
 *(.debug_typenames)

.debug_varnames
 *(.debug_varnames)

.debug_alt_sim_info
                0x0000000000000000       0x10
 *(.debug_alt_sim_info)
 .debug_alt_sim_info
                0x0000000000000000       0x10 c:/LABIV/Integracao/Quartus/software/IntegracaoNios_bsp//obj/HAL/src/crt0.o
                0x0000000000220000                __alt_data_end = 0x220000
                0x0000000000220000                PROVIDE (__alt_stack_pointer = __alt_data_end)
                [!provide]                        PROVIDE (__alt_stack_limit = __alt_stack_base)
                [!provide]                        PROVIDE (__alt_heap_start = end)
                [!provide]                        PROVIDE (__alt_heap_limit = 0x220000)
OUTPUT(IntegracaoNios.elf elf32-littlenios2)
LOAD linker stubs

.debug_ranges   0x0000000000000000      0x180
 .debug_ranges  0x0000000000000000       0x20 c:/LABIV/Integracao/Quartus/software/IntegracaoNios_bsp//obj/HAL/src/crt0.o
 .debug_ranges  0x0000000000000020       0x30 c:/LABIV/Integracao/Quartus/software/IntegracaoNios_bsp/\libhal_bsp.a(altera_avalon_jtag_uart_init.o)
 .debug_ranges  0x0000000000000050       0x18 c:/LABIV/Integracao/Quartus/software/IntegracaoNios_bsp/\libhal_bsp.a(altera_avalon_jtag_uart_read.o)
 .debug_ranges  0x0000000000000068       0x28 c:/LABIV/Integracao/Quartus/software/IntegracaoNios_bsp/\libhal_bsp.a(alt_irq_entry.o)
 .debug_ranges  0x0000000000000090       0x10 c:/LABIV/Integracao/Quartus/software/IntegracaoNios_bsp/\libhal_bsp.a(alt_irq_handler.o)
 .debug_ranges  0x00000000000000a0       0x30 c:/LABIV/Integracao/Quartus/software/IntegracaoNios_bsp/\libhal_bsp.a(alt_exception_entry.o)
 .debug_ranges  0x00000000000000d0       0x18 c:/LABIV/Integracao/Quartus/software/IntegracaoNios_bsp/\libhal_bsp.a(alt_instruction_exception_entry.o)
 .debug_ranges  0x00000000000000e8       0x10 d:/programas/intelfpga/nios2eds/bin/gnu/h-x86_64-mingw32/bin/../lib/gcc/nios2-elf/10.1.1/../../../../../H-x86_64-mingw32/nios2-elf/lib/mno-hw-mul\libc.a(lib_a-atexit.o)
 .debug_ranges  0x00000000000000f8       0x10 d:/programas/intelfpga/nios2eds/bin/gnu/h-x86_64-mingw32/bin/../lib/gcc/nios2-elf/10.1.1/../../../../../H-x86_64-mingw32/nios2-elf/lib/mno-hw-mul\libc.a(lib_a-exit.o)
 .debug_ranges  0x0000000000000108       0x10 d:/programas/intelfpga/nios2eds/bin/gnu/h-x86_64-mingw32/bin/../lib/gcc/nios2-elf/10.1.1/../../../../../H-x86_64-mingw32/nios2-elf/lib/mno-hw-mul\libc.a(lib_a-memcmp.o)
 .debug_ranges  0x0000000000000118       0x10 d:/programas/intelfpga/nios2eds/bin/gnu/h-x86_64-mingw32/bin/../lib/gcc/nios2-elf/10.1.1/../../../../../H-x86_64-mingw32/nios2-elf/lib/mno-hw-mul\libc.a(lib_a-memcpy.o)
 .debug_ranges  0x0000000000000128       0x10 d:/programas/intelfpga/nios2eds/bin/gnu/h-x86_64-mingw32/bin/../lib/gcc/nios2-elf/10.1.1/../../../../../H-x86_64-mingw32/nios2-elf/lib/mno-hw-mul\libc.a(lib_a-strlen.o)
 .debug_ranges  0x0000000000000138       0x10 d:/programas/intelfpga/nios2eds/bin/gnu/h-x86_64-mingw32/bin/../lib/gcc/nios2-elf/10.1.1/../../../../../H-x86_64-mingw32/nios2-elf/lib/mno-hw-mul\libc.a(lib_a-__atexit.o)
 .debug_ranges  0x0000000000000148       0x38 d:/programas/intelfpga/nios2eds/bin/gnu/h-x86_64-mingw32/bin/../lib/gcc/nios2-elf/10.1.1/../../../../../H-x86_64-mingw32/nios2-elf/lib/mno-hw-mul\libc.a(lib_a-__call_atexit.o)